Archive member included to satisfy reference by file (symbol)

c:/st/stm32cubeide_1.6.1/stm32cubeide/plugins/com.st.stm32cube.ide.mcu.externaltools.gnu-tools-for-stm32.9-2020-q2-update.win32_2.0.0.202105311346/tools/bin/../lib/gcc/arm-none-eabi/9.3.1/../../../../arm-none-eabi/lib/thumb/v7e-m+fp/hard\libc_nano.a(lib_a-errno.o)
                              ./Core/Src/syscalls.o (__errno)
c:/st/stm32cubeide_1.6.1/stm32cubeide/plugins/com.st.stm32cube.ide.mcu.externaltools.gnu-tools-for-stm32.9-2020-q2-update.win32_2.0.0.202105311346/tools/bin/../lib/gcc/arm-none-eabi/9.3.1/../../../../arm-none-eabi/lib/thumb/v7e-m+fp/hard\libc_nano.a(lib_a-exit.o)
                              c:/st/stm32cubeide_1.6.1/stm32cubeide/plugins/com.st.stm32cube.ide.mcu.externaltools.gnu-tools-for-stm32.9-2020-q2-update.win32_2.0.0.202105311346/tools/bin/../lib/gcc/arm-none-eabi/9.3.1/../../../../arm-none-eabi/lib/thumb/v7e-m+fp/hard/crt0.o (exit)
c:/st/stm32cubeide_1.6.1/stm32cubeide/plugins/com.st.stm32cube.ide.mcu.externaltools.gnu-tools-for-stm32.9-2020-q2-update.win32_2.0.0.202105311346/tools/bin/../lib/gcc/arm-none-eabi/9.3.1/../../../../arm-none-eabi/lib/thumb/v7e-m+fp/hard\libc_nano.a(lib_a-impure.o)
                              c:/st/stm32cubeide_1.6.1/stm32cubeide/plugins/com.st.stm32cube.ide.mcu.externaltools.gnu-tools-for-stm32.9-2020-q2-update.win32_2.0.0.202105311346/tools/bin/../lib/gcc/arm-none-eabi/9.3.1/../../../../arm-none-eabi/lib/thumb/v7e-m+fp/hard\libc_nano.a(lib_a-exit.o) (_global_impure_ptr)
c:/st/stm32cubeide_1.6.1/stm32cubeide/plugins/com.st.stm32cube.ide.mcu.externaltools.gnu-tools-for-stm32.9-2020-q2-update.win32_2.0.0.202105311346/tools/bin/../lib/gcc/arm-none-eabi/9.3.1/../../../../arm-none-eabi/lib/thumb/v7e-m+fp/hard\libc_nano.a(lib_a-init.o)
                              c:/st/stm32cubeide_1.6.1/stm32cubeide/plugins/com.st.stm32cube.ide.mcu.externaltools.gnu-tools-for-stm32.9-2020-q2-update.win32_2.0.0.202105311346/tools/bin/../lib/gcc/arm-none-eabi/9.3.1/../../../../arm-none-eabi/lib/thumb/v7e-m+fp/hard/crt0.o (__libc_init_array)
c:/st/stm32cubeide_1.6.1/stm32cubeide/plugins/com.st.stm32cube.ide.mcu.externaltools.gnu-tools-for-stm32.9-2020-q2-update.win32_2.0.0.202105311346/tools/bin/../lib/gcc/arm-none-eabi/9.3.1/../../../../arm-none-eabi/lib/thumb/v7e-m+fp/hard\libc_nano.a(lib_a-memset.o)
                              c:/st/stm32cubeide_1.6.1/stm32cubeide/plugins/com.st.stm32cube.ide.mcu.externaltools.gnu-tools-for-stm32.9-2020-q2-update.win32_2.0.0.202105311346/tools/bin/../lib/gcc/arm-none-eabi/9.3.1/../../../../arm-none-eabi/lib/thumb/v7e-m+fp/hard/crt0.o (memset)
c:/st/stm32cubeide_1.6.1/stm32cubeide/plugins/com.st.stm32cube.ide.mcu.externaltools.gnu-tools-for-stm32.9-2020-q2-update.win32_2.0.0.202105311346/tools/bin/../lib/gcc/arm-none-eabi/9.3.1/../../../../arm-none-eabi/lib/thumb/v7e-m+fp/hard\libm.a(lib_a-w_pow.o)
                              ./Core/Src/adc.o (pow)
c:/st/stm32cubeide_1.6.1/stm32cubeide/plugins/com.st.stm32cube.ide.mcu.externaltools.gnu-tools-for-stm32.9-2020-q2-update.win32_2.0.0.202105311346/tools/bin/../lib/gcc/arm-none-eabi/9.3.1/../../../../arm-none-eabi/lib/thumb/v7e-m+fp/hard\libm.a(lib_a-e_pow.o)
                              c:/st/stm32cubeide_1.6.1/stm32cubeide/plugins/com.st.stm32cube.ide.mcu.externaltools.gnu-tools-for-stm32.9-2020-q2-update.win32_2.0.0.202105311346/tools/bin/../lib/gcc/arm-none-eabi/9.3.1/../../../../arm-none-eabi/lib/thumb/v7e-m+fp/hard\libm.a(lib_a-w_pow.o) (__ieee754_pow)
c:/st/stm32cubeide_1.6.1/stm32cubeide/plugins/com.st.stm32cube.ide.mcu.externaltools.gnu-tools-for-stm32.9-2020-q2-update.win32_2.0.0.202105311346/tools/bin/../lib/gcc/arm-none-eabi/9.3.1/../../../../arm-none-eabi/lib/thumb/v7e-m+fp/hard\libm.a(lib_a-e_sqrt.o)
                              c:/st/stm32cubeide_1.6.1/stm32cubeide/plugins/com.st.stm32cube.ide.mcu.externaltools.gnu-tools-for-stm32.9-2020-q2-update.win32_2.0.0.202105311346/tools/bin/../lib/gcc/arm-none-eabi/9.3.1/../../../../arm-none-eabi/lib/thumb/v7e-m+fp/hard\libm.a(lib_a-e_pow.o) (__ieee754_sqrt)
c:/st/stm32cubeide_1.6.1/stm32cubeide/plugins/com.st.stm32cube.ide.mcu.externaltools.gnu-tools-for-stm32.9-2020-q2-update.win32_2.0.0.202105311346/tools/bin/../lib/gcc/arm-none-eabi/9.3.1/../../../../arm-none-eabi/lib/thumb/v7e-m+fp/hard\libm.a(lib_a-s_fabs.o)
                              c:/st/stm32cubeide_1.6.1/stm32cubeide/plugins/com.st.stm32cube.ide.mcu.externaltools.gnu-tools-for-stm32.9-2020-q2-update.win32_2.0.0.202105311346/tools/bin/../lib/gcc/arm-none-eabi/9.3.1/../../../../arm-none-eabi/lib/thumb/v7e-m+fp/hard\libm.a(lib_a-e_pow.o) (fabs)
c:/st/stm32cubeide_1.6.1/stm32cubeide/plugins/com.st.stm32cube.ide.mcu.externaltools.gnu-tools-for-stm32.9-2020-q2-update.win32_2.0.0.202105311346/tools/bin/../lib/gcc/arm-none-eabi/9.3.1/../../../../arm-none-eabi/lib/thumb/v7e-m+fp/hard\libm.a(lib_a-s_finite.o)
[...]
Memory Configuration

Name             Origin             Length             Attributes
RAM              0x0000000020000000 0x0000000000008000 xrw
FLASH            0x0000000008000000 0x0000000000020000 xr
*default*        0x0000000000000000 0xffffffffffffffff

Linker script and memory map

LOAD c:/st/stm32cubeide_1.6.1/stm32cubeide/plugins/com.st.stm32cube.ide.mcu.externaltools.gnu-tools-for-stm32.9-2020-q2-update.win32_2.0.0.202105311346/tools/bin/../lib/gcc/arm-none-eabi/9.3.1/thumb/v7e-m+fp/hard/crti.o
LOAD c:/st/stm32cubeide_1.6.1/stm32cubeide/plugins/com.st.stm32cube.ide.mcu.externaltools.gnu-tools-for-stm32.9-2020-q2-update.win32_2.0.0.202105311346/tools/bin/../lib/gcc/arm-none-eabi/9.3.1/thumb/v7e-m+fp/hard/crtbegin.o
LOAD c:/st/stm32cubeide_1.6.1/stm32cubeide/plugins/com.st.stm32cube.ide.mcu.externaltools.gnu-tools-for-stm32.9-2020-q2-update.win32_2.0.0.202105311346/tools/bin/../lib/gcc/arm-none-eabi/9.3.1/../../../../arm-none-eabi/lib/thumb/v7e-m+fp/hard/crt0.o
LOAD ./Core/Src/adc.o
LOAD ./Core/Src/dac.o
LOAD ./Core/Src/main.o
LOAD ./Core/Src/sine_lut.o
LOAD ./Core/Src/stm32g4xx_hal_msp.o
LOAD ./Core/Src/stm32g4xx_it.o
LOAD ./Core/Src/syscalls.o
LOAD ./Core/Src/sysmem.o
LOAD ./Core/Src/system_stm32g4xx.o
LOAD ./Core/Src/tim.o
LOAD ./Core/Startup/startup_stm32g431kbtx.o
LOAD ./Drivers/STM32G4xx_HAL_Driver/Src/stm32g4xx_hal.o
LOAD ./Drivers/STM32G4xx_HAL_Driver/Src/stm32g4xx_hal_adc.o
LOAD ./Drivers/STM32G4xx_HAL_Driver/Src/stm32g4xx_hal_adc_ex.o
LOAD ./Drivers/STM32G4xx_HAL_Driver/Src/stm32g4xx_hal_cortex.o
LOAD ./Drivers/STM32G4xx_HAL_Driver/Src/stm32g4xx_hal_dac.o
LOAD ./Drivers/STM32G4xx_HAL_Driver/Src/stm32g4xx_hal_dac_ex.o
LOAD ./Drivers/STM32G4xx_HAL_Driver/Src/stm32g4xx_hal_dma.o
LOAD ./Drivers/STM32G4xx_HAL_Driver/Src/stm32g4xx_hal_dma_ex.o
LOAD ./Drivers/STM32G4xx_HAL_Driver/Src/stm32g4xx_hal_exti.o
LOAD ./Drivers/STM32G4xx_HAL_Driver/Src/stm32g4xx_hal_flash.o
LOAD ./Drivers/STM32G4xx_HAL_Driver/Src/stm32g4xx_hal_flash_ex.o
LOAD ./Drivers/STM32G4xx_HAL_Driver/Src/stm32g4xx_hal_flash_ramfunc.o
LOAD ./Drivers/STM32G4xx_HAL_Driver/Src/stm32g4xx_hal_gpio.o
LOAD ./Drivers/STM32G4xx_HAL_Driver/Src/stm32g4xx_hal_pwr.o
LOAD ./Drivers/STM32G4xx_HAL_Driver/Src/stm32g4xx_hal_pwr_ex.o
LOAD ./Drivers/STM32G4xx_HAL_Driver/Src/stm32g4xx_hal_rcc.o
LOAD ./Drivers/STM32G4xx_HAL_Driver/Src/stm32g4xx_hal_rcc_ex.o
LOAD ./Drivers/STM32G4xx_HAL_Driver/Src/stm32g4xx_hal_tim.o
LOAD ./Drivers/STM32G4xx_HAL_Driver/Src/stm32g4xx_hal_tim_ex.o
LOAD ./Drivers/STM32G4xx_HAL_Driver/Src/stm32g4xx_hal_uart.o
LOAD ./Drivers/STM32G4xx_HAL_Driver/Src/stm32g4xx_hal_uart_ex.o
LOAD ./Drivers/STM32G4xx_HAL_Driver/Src/stm32g4xx_ll_adc.o
START GROUP
LOAD c:/st/stm32cubeide_1.6.1/stm32cubeide/plugins/com.st.stm32cube.ide.mcu.externaltools.gnu-tools-for-stm32.9-2020-q2-update.win32_2.0.0.202105311346/tools/bin/../lib/gcc/arm-none-eabi/9.3.1/../../../../arm-none-eabi/lib/thumb/v7e-m+fp/hard\libc_nano.a
LOAD c:/st/stm32cubeide_1.6.1/stm32cubeide/plugins/com.st.stm32cube.ide.mcu.externaltools.gnu-tools-for-stm32.9-2020-q2-update.win32_2.0.0.202105311346/tools/bin/../lib/gcc/arm-none-eabi/9.3.1/../../../../arm-none-eabi/lib/thumb/v7e-m+fp/hard\libm.a
END GROUP
START GROUP
LOAD c:/st/stm32cubeide_1.6.1/stm32cubeide/plugins/com.st.stm32cube.ide.mcu.externaltools.gnu-tools-for-stm32.9-2020-q2-update.win32_2.0.0.202105311346/tools/bin/../lib/gcc/arm-none-eabi/9.3.1/thumb/v7e-m+fp/hard\libgcc.a
LOAD c:/st/stm32cubeide_1.6.1/stm32cubeide/plugins/com.st.stm32cube.ide.mcu.externaltools.gnu-tools-for-stm32.9-2020-q2-update.win32_2.0.0.202105311346/tools/bin/../lib/gcc/arm-none-eabi/9.3.1/../../../../arm-none-eabi/lib/thumb/v7e-m+fp/hard\libc_nano.a
END GROUP
START GROUP
LOAD c:/st/stm32cubeide_1.6.1/stm32cubeide/plugins/com.st.stm32cube.ide.mcu.externaltools.gnu-tools-for-stm32.9-2020-q2-update.win32_2.0.0.202105311346/tools/bin/../lib/gcc/arm-none-eabi/9.3.1/thumb/v7e-m+fp/hard\libgcc.a
LOAD c:/st/stm32cubeide_1.6.1/stm32cubeide/plugins/com.st.stm32cube.ide.mcu.externaltools.gnu-tools-for-stm32.9-2020-q2-update.win32_2.0.0.202105311346/tools/bin/../lib/gcc/arm-none-eabi/9.3.1/../../../../arm-none-eabi/lib/thumb/v7e-m+fp/hard\libc_nano.a
LOAD c:/st/stm32cubeide_1.6.1/stm32cubeide/plugins/com.st.stm32cube.ide.mcu.externaltools.gnu-tools-for-stm32.9-2020-q2-update.win32_2.0.0.202105311346/tools/bin/../lib/gcc/arm-none-eabi/9.3.1/../../../../arm-none-eabi/lib/thumb/v7e-m+fp/hard\libnosys.a
END GROUP
START GROUP
LOAD c:/st/stm32cubeide_1.6.1/stm32cubeide/plugins/com.st.stm32cube.ide.mcu.externaltools.gnu-tools-for-stm32.9-2020-q2-update.win32_2.0.0.202105311346/tools/bin/../lib/gcc/arm-none-eabi/9.3.1/thumb/v7e-m+fp/hard\libgcc.a
LOAD c:/st/stm32cubeide_1.6.1/stm32cubeide/plugins/com.st.stm32cube.ide.mcu.externaltools.gnu-tools-for-stm32.9-2020-q2-update.win32_2.0.0.202105311346/tools/bin/../lib/gcc/arm-none-eabi/9.3.1/../../../../arm-none-eabi/lib/thumb/v7e-m+fp/hard\libc_nano.a
LOAD c:/st/stm32cubeide_1.6.1/stm32cubeide/plugins/com.st.stm32cube.ide.mcu.externaltools.gnu-tools-for-stm32.9-2020-q2-update.win32_2.0.0.202105311346/tools/bin/../lib/gcc/arm-none-eabi/9.3.1/../../../../arm-none-eabi/lib/thumb/v7e-m+fp/hard\libnosys.a
END GROUP
LOAD c:/st/stm32cubeide_1.6.1/stm32cubeide/plugins/com.st.stm32cube.ide.mcu.externaltools.gnu-tools-for-stm32.9-2020-q2-update.win32_2.0.0.202105311346/tools/bin/../lib/gcc/arm-none-eabi/9.3.1/thumb/v7e-m+fp/hard/crtend.o
LOAD c:/st/stm32cubeide_1.6.1/stm32cubeide/plugins/com.st.stm32cube.ide.mcu.externaltools.gnu-tools-for-stm32.9-2020-q2-update.win32_2.0.0.202105311346/tools/bin/../lib/gcc/arm-none-eabi/9.3.1/thumb/v7e-m+fp/hard/crtn.o
                0x0000000020008000                _estack = (ORIGIN (RAM) + LENGTH (RAM))
                0x0000000000000200                _Min_Heap_Size = 0x200
                0x0000000000000400                _Min_Stack_Size = 0x400

.isr_vector     0x0000000008000000      0x1d8
                0x0000000008000000                . = ALIGN (0x4)
 *(.isr_vector)
 .isr_vector    0x0000000008000000      0x1d8 ./Core/Startup/startup_stm32g431kbtx.o
                0x0000000008000000                g_pfnVectors
                0x00000000080001d8                . = ALIGN (0x4)

.text           0x00000000080001d8     0x6b5c
                0x00000000080001d8                . = ALIGN (0x4)
 *(.text)
 .text          0x00000000080001d8       0x40 c:/st/stm32cubeide_1.6.1/stm32cubeide/plugins/com.st.stm32cube.ide.mcu.externaltools.gnu-tools-for-stm32.9-2020-q2-update.win32_2.0.0.202105311346/tools/bin/../lib/gcc/arm-none-eabi/9.3.1/thumb/v7e-m+fp/hard/crtbegin.o
 .text          0x0000000008000218      0x378 c:/st/stm32cubeide_1.6.1/stm32cubeide/plugins/com.st.stm32cube.ide.mcu.externaltools.gnu-tools-for-stm32.9-2020-q2-update.win32_2.0.0.202105311346/tools/bin/../lib/gcc/arm-none-eabi/9.3.1/thumb/v7e-m+fp/hard\libgcc.a(_arm_addsubdf3.o)
                0x0000000008000218                __aeabi_drsub
                0x0000000008000220                __aeabi_dsub
                0x0000000008000220                __subdf3
                0x0000000008000224                __aeabi_dadd
                0x0000000008000224                __adddf3
                0x000000000800049c                __floatunsidf
                0x000000000800049c                __aeabi_ui2d
                0x00000000080004bc                __floatsidf
                0x00000000080004bc                __aeabi_i2d
                0x00000000080004e0                __aeabi_f2d
                0x00000000080004e0                __extendsfdf2
                0x0000000008000524                __floatundidf
                0x0000000008000524                __aeabi_ul2d
                0x0000000008000534                __floatdidf
                0x0000000008000534                __aeabi_l2d
 .text          0x0000000008000590      0x424 c:/st/stm32cubeide_1.6.1/stm32cubeide/plugins/com.st.stm32cube.ide.mcu.externaltools.gnu-tools-for-stm32.9-2020-q2-update.win32_2.0.0.202105311346/tools/bin/../lib/gcc/arm-none-eabi/9.3.1/thumb/v7e-m+fp/hard\libgcc.a(_arm_muldivdf3.o)
                0x0000000008000590                __aeabi_dmul
                0x0000000008000590                __muldf3
                0x00000000080007e4                __divdf3
                0x00000000080007e4                __aeabi_ddiv
 .text          0x00000000080009b4      0x110 c:/st/stm32cubeide_1.6.1/stm32cubeide/plugins/com.st.stm32cube.ide.mcu.externaltools.gnu-tools-for-stm32.9-2020-q2-update.win32_2.0.0.202105311346/tools/bin/../lib/gcc/arm-none-eabi/9.3.1/thumb/v7e-m+fp/hard\libgcc.a(_arm_cmpdf2.o)
                0x00000000080009b4                __gtdf2
                0x00000000080009b4                __gedf2
                0x00000000080009bc                __ltdf2
                0x00000000080009bc                __ledf2
                0x00000000080009c4                __nedf2
                0x00000000080009c4                __eqdf2
                0x00000000080009c4                __cmpdf2
                0x0000000008000a40                __aeabi_cdrcmple
                0x0000000008000a50                __aeabi_cdcmpeq
                0x0000000008000a50                __aeabi_cdcmple
                0x0000000008000a60                __aeabi_dcmpeq
                0x0000000008000a74                __aeabi_dcmplt
                0x0000000008000a88                __aeabi_dcmple
                0x0000000008000a9c                __aeabi_dcmpge
                0x0000000008000ab0                __aeabi_dcmpgt
 .text          0x0000000008000ac4       0x2c c:/st/stm32cubeide_1.6.1/stm32cubeide/plugins/com.st.stm32cube.ide.mcu.externaltools.gnu-tools-for-stm32.9-2020-q2-update.win32_2.0.0.202105311346/tools/bin/../lib/gcc/arm-none-eabi/9.3.1/thumb/v7e-m+fp/hard\libgcc.a(_arm_unorddf2.o)
                0x0000000008000ac4                __unorddf2
                0x0000000008000ac4                __aeabi_dcmpun
 .text          0x0000000008000af0       0xa0 c:/st/stm32cubeide_1.6.1/stm32cubeide/plugins/com.st.stm32cube.ide.mcu.externaltools.gnu-tools-for-stm32.9-2020-q2-update.win32_2.0.0.202105311346/tools/bin/../lib/gcc/arm-none-eabi/9.3.1/thumb/v7e-m+fp/hard\libgcc.a(_arm_truncdfsf2.o)
                0x0000000008000af0                __truncdfsf2
                0x0000000008000af0                __aeabi_d2f
 .text          0x0000000008000b90       0x30 c:/st/stm32cubeide_1.6.1/stm32cubeide/plugins/com.st.stm32cube.ide.mcu.externaltools.gnu-tools-for-stm32.9-2020-q2-update.win32_2.0.0.202105311346/tools/bin/../lib/gcc/arm-none-eabi/9.3.1/thumb/v7e-m+fp/hard\libgcc.a(_aeabi_uldivmod.o)
                0x0000000008000b90                __aeabi_uldivmod
 .text          0x0000000008000bc0      0x2c4 c:/st/stm32cubeide_1.6.1/stm32cubeide/plugins/com.st.stm32cube.ide.mcu.externaltools.gnu-tools-for-stm32.9-2020-q2-update.win32_2.0.0.202105311346/tools/bin/../lib/gcc/arm-none-eabi/9.3.1/thumb/v7e-m+fp/hard\libgcc.a(_udivmoddi4.o)
                0x0000000008000bc0                __udivmoddi4
 .text          0x0000000008000e84        0x4 c:/st/stm32cubeide_1.6.1/stm32cubeide/plugins/com.st.stm32cube.ide.mcu.externaltools.gnu-tools-for-stm32.9-2020-q2-update.win32_2.0.0.202105311346/tools/bin/../lib/gcc/arm-none-eabi/9.3.1/thumb/v7e-m+fp/hard\libgcc.a(_dvmd_tls.o)
                0x0000000008000e84                __aeabi_idiv0
                0x0000000008000e84                __aeabi_ldiv0
 *(.text*)
 .text.HAL_ADC_ConvCpltCallback
                0x0000000008000e88       0xc0 ./Core/Src/adc.o
                0x0000000008000e88                HAL_ADC_ConvCpltCallback
 .text.render_wave
                0x0000000008000f48      0x118 ./Core/Src/dac.o
                0x0000000008000f48                render_wave
 .text.render_pulse
                0x0000000008001060       0x50 ./Core/Src/dac.o
                0x0000000008001060                render_pulse
 .text.main     0x00000000080010b0       0x4c ./Core/Src/main.o
                0x00000000080010b0                main
 .text.SystemClock_Config
                0x00000000080010fc       0xd2 ./Core/Src/main.o
                0x00000000080010fc                SystemClock_Config
 *fill*         0x00000000080011ce        0x2 
 .text.MX_ADC1_Init
                0x00000000080011d0       0xf0 ./Core/Src/main.o
 .text.MX_DAC1_Init
                0x00000000080012c0       0x88 ./Core/Src/main.o
 .text.MX_TIM16_Init
                0x0000000008001348       0x4c ./Core/Src/main.o
 .text.MX_USART2_UART_Init
                0x0000000008001394       0x98 ./Core/Src/main.o
 .text.MX_GPIO_Init
                0x000000000800142c       0xac ./Core/Src/main.o
 .text.Error_Handler
                0x00000000080014d8        0xa ./Core/Src/main.o
                0x00000000080014d8                Error_Handler
 *fill*         0x00000000080014e2        0x2 
 .text.HAL_MspInit
                0x00000000080014e4       0x48 ./Core/Src/stm32g4xx_hal_msp.o
                0x00000000080014e4                HAL_MspInit
 .text.HAL_ADC_MspInit
                0x000000000800152c       0x88 ./Core/Src/stm32g4xx_hal_msp.o
                0x000000000800152c                HAL_ADC_MspInit
 .text.HAL_DAC_MspInit
                0x00000000080015b4       0x7c ./Core/Src/stm32g4xx_hal_msp.o
                0x00000000080015b4                HAL_DAC_MspInit
 .text.HAL_TIM_Base_MspInit
                0x0000000008001630       0x4c ./Core/Src/stm32g4xx_hal_msp.o
                0x0000000008001630                HAL_TIM_Base_MspInit
 .text.HAL_UART_MspInit
                0x000000000800167c       0x84 ./Core/Src/stm32g4xx_hal_msp.o
                0x000000000800167c                HAL_UART_MspInit
 .text.NMI_Handler
                0x0000000008001700        0x6 ./Core/Src/stm32g4xx_it.o
                0x0000000008001700                NMI_Handler
 .text.HardFault_Handler
                0x0000000008001706        0x6 ./Core/Src/stm32g4xx_it.o
                0x0000000008001706                HardFault_Handler
 .text.MemManage_Handler
                0x000000000800170c        0x6 ./Core/Src/stm32g4xx_it.o
                0x000000000800170c                MemManage_Handler
 .text.BusFault_Handler
                0x0000000008001712        0x6 ./Core/Src/stm32g4xx_it.o
                0x0000000008001712                BusFault_Handler
 .text.UsageFault_Handler
                0x0000000008001718        0x6 ./Core/Src/stm32g4xx_it.o
                0x0000000008001718                UsageFault_Handler
 .text.SVC_Handler
                0x000000000800171e        0xe ./Core/Src/stm32g4xx_it.o
                0x000000000800171e                SVC_Handler
 .text.DebugMon_Handler
                0x000000000800172c        0xe ./Core/Src/stm32g4xx_it.o
                0x000000000800172c                DebugMon_Handler
 .text.PendSV_Handler
                0x000000000800173a        0xe ./Core/Src/stm32g4xx_it.o
                0x000000000800173a                PendSV_Handler
 .text.SysTick_Handler
                0x0000000008001748        0xc ./Core/Src/stm32g4xx_it.o
                0x0000000008001748                SysTick_Handler
 .text.ADC1_2_IRQHandler
                0x0000000008001754       0x14 ./Core/Src/stm32g4xx_it.o
                0x0000000008001754                ADC1_2_IRQHandler
 .text.TIM1_UP_TIM16_IRQHandler
                0x0000000008001768       0x14 ./Core/Src/stm32g4xx_it.o
                0x0000000008001768                TIM1_UP_TIM16_IRQHandler
 .text.SystemInit
                0x000000000800177c       0x24 ./Core/Src/system_stm32g4xx.o
                0x000000000800177c                SystemInit
 .text.HAL_TIM_PeriodElapsedCallback
                0x00000000080017a0       0x64 ./Core/Src/tim.o
                0x00000000080017a0                HAL_TIM_PeriodElapsedCallback
 .text.Reset_Handler
                0x0000000008001804       0x50 ./Core/Startup/startup_stm32g431kbtx.o
                0x0000000008001804                Reset_Handler
 .text.Default_Handler
                0x0000000008001854        0x2 ./Core/Startup/startup_stm32g431kbtx.o
                0x0000000008001854                RTC_Alarm_IRQHandler
                0x0000000008001854                EXTI2_IRQHandler
                0x0000000008001854                TIM8_TRG_COM_IRQHandler
                0x0000000008001854                TIM8_CC_IRQHandler
                0x0000000008001854                TIM1_CC_IRQHandler
                0x0000000008001854                USB_HP_IRQHandler
                0x0000000008001854                CORDIC_IRQHandler
                0x0000000008001854                EXTI3_IRQHandler
                0x0000000008001854                I2C3_ER_IRQHandler
                0x0000000008001854                EXTI0_IRQHandler
                0x0000000008001854                I2C2_EV_IRQHandler
                0x0000000008001854                FPU_IRQHandler
                0x0000000008001854                FDCAN1_IT1_IRQHandler
                0x0000000008001854                SPI1_IRQHandler
                0x0000000008001854                TIM6_DAC_IRQHandler
                0x0000000008001854                TIM8_UP_IRQHandler
                0x0000000008001854                DMA2_Channel2_IRQHandler
                0x0000000008001854                DMA1_Channel4_IRQHandler
                0x0000000008001854                USART3_IRQHandler
                0x0000000008001854                TIM4_IRQHandler
                0x0000000008001854                DMA2_Channel1_IRQHandler
                0x0000000008001854                I2C1_EV_IRQHandler
                0x0000000008001854                DMA1_Channel6_IRQHandler
                0x0000000008001854                UART4_IRQHandler
                0x0000000008001854                DMA2_Channel4_IRQHandler
                0x0000000008001854                TIM3_IRQHandler
                0x0000000008001854                RCC_IRQHandler
                0x0000000008001854                DMA1_Channel1_IRQHandler
                0x0000000008001854                Default_Handler
                0x0000000008001854                RTC_TAMP_LSECSS_IRQHandler
                0x0000000008001854                FMAC_IRQHandler
                0x0000000008001854                EXTI15_10_IRQHandler
                0x0000000008001854                TIM7_IRQHandler
                0x0000000008001854                UCPD1_IRQHandler
                0x0000000008001854                I2C3_EV_IRQHandler
                0x0000000008001854                EXTI9_5_IRQHandler
                0x0000000008001854                RTC_WKUP_IRQHandler
                0x0000000008001854                PVD_PVM_IRQHandler
                0x0000000008001854                SPI2_IRQHandler
                0x0000000008001854                DMA2_Channel5_IRQHandler
                0x0000000008001854                CRS_IRQHandler
                0x0000000008001854                DMA1_Channel5_IRQHandler
                0x0000000008001854                USB_LP_IRQHandler
                0x0000000008001854                EXTI4_IRQHandler
                0x0000000008001854                RNG_IRQHandler
                0x0000000008001854                TIM1_TRG_COM_TIM17_IRQHandler
                0x0000000008001854                DMA1_Channel3_IRQHandler
                0x0000000008001854                WWDG_IRQHandler
                0x0000000008001854                LPUART1_IRQHandler
                0x0000000008001854                DMA2_Channel6_IRQHandler
                0x0000000008001854                FDCAN1_IT0_IRQHandler
                0x0000000008001854                TIM2_IRQHandler
                0x0000000008001854                COMP1_2_3_IRQHandler
                0x0000000008001854                EXTI1_IRQHandler
                0x0000000008001854                USART2_IRQHandler
                0x0000000008001854                I2C2_ER_IRQHandler
                0x0000000008001854                DMA1_Channel2_IRQHandler
                0x0000000008001854                TIM8_BRK_IRQHandler
                0x0000000008001854                FLASH_IRQHandler
                0x0000000008001854                USART1_IRQHandler
                0x0000000008001854                SPI3_IRQHandler
                0x0000000008001854                I2C1_ER_IRQHandler
                0x0000000008001854                LPTIM1_IRQHandler
                0x0000000008001854                DMAMUX_OVR_IRQHandler
                0x0000000008001854                USBWakeUp_IRQHandler
                0x0000000008001854                SAI1_IRQHandler
                0x0000000008001854                DMA2_Channel3_IRQHandler
                0x0000000008001854                COMP4_IRQHandler
                0x0000000008001854                TIM1_BRK_TIM15_IRQHandler
 .text.HAL_Init
                0x0000000008001856       0x30 ./Drivers/STM32G4xx_HAL_Driver/Src/stm32g4xx_hal.o
                0x0000000008001856                HAL_Init
 *fill*         0x0000000008001886        0x2 
 .text.HAL_InitTick
                0x0000000008001888       0x74 ./Drivers/STM32G4xx_HAL_Driver/Src/stm32g4xx_hal.o
                0x0000000008001888                HAL_InitTick
 .text.HAL_IncTick
                0x00000000080018fc       0x24 ./Drivers/STM32G4xx_HAL_Driver/Src/stm32g4xx_hal.o
                0x00000000080018fc                HAL_IncTick
 .text.HAL_GetTick
                0x0000000008001920       0x18 ./Drivers/STM32G4xx_HAL_Driver/Src/stm32g4xx_hal.o
                0x0000000008001920                HAL_GetTick
 .text.HAL_Delay
                0x0000000008001938       0x44 ./Drivers/STM32G4xx_HAL_Driver/Src/stm32g4xx_hal.o
                0x0000000008001938                HAL_Delay
 .text.LL_ADC_SetCommonClock
                0x000000000800197c       0x26 ./Drivers/STM32G4xx_HAL_Driver/Src/stm32g4xx_hal_adc.o
 .text.LL_ADC_SetCommonPathInternalCh
                0x00000000080019a2       0x26 ./Drivers/STM32G4xx_HAL_Driver/Src/stm32g4xx_hal_adc.o
 .text.LL_ADC_GetCommonPathInternalCh
                0x00000000080019c8       0x1c ./Drivers/STM32G4xx_HAL_Driver/Src/stm32g4xx_hal_adc.o
 .text.LL_ADC_SetOffset
                0x00000000080019e4       0x48 ./Drivers/STM32G4xx_HAL_Driver/Src/stm32g4xx_hal_adc.o
 .text.LL_ADC_GetOffsetChannel
                0x0000000008001a2c       0x2c ./Drivers/STM32G4xx_HAL_Driver/Src/stm32g4xx_hal_adc.o
 .text.LL_ADC_SetOffsetState
                0x0000000008001a58       0x36 ./Drivers/STM32G4xx_HAL_Driver/Src/stm32g4xx_hal_adc.o
 .text.LL_ADC_SetOffsetSign
                0x0000000008001a8e       0x36 ./Drivers/STM32G4xx_HAL_Driver/Src/stm32g4xx_hal_adc.o
 .text.LL_ADC_SetOffsetSaturation
                0x0000000008001ac4       0x36 ./Drivers/STM32G4xx_HAL_Driver/Src/stm32g4xx_hal_adc.o
 .text.LL_ADC_SetSamplingTimeCommonConfig
                0x0000000008001afa       0x26 ./Drivers/STM32G4xx_HAL_Driver/Src/stm32g4xx_hal_adc.o
 .text.LL_ADC_REG_IsTriggerSourceSWStart
                0x0000000008001b20       0x26 ./Drivers/STM32G4xx_HAL_Driver/Src/stm32g4xx_hal_adc.o
 .text.LL_ADC_REG_SetSequencerRanks
                0x0000000008001b46       0x58 ./Drivers/STM32G4xx_HAL_Driver/Src/stm32g4xx_hal_adc.o
 .text.LL_ADC_INJ_IsTriggerSourceSWStart
                0x0000000008001b9e       0x26 ./Drivers/STM32G4xx_HAL_Driver/Src/stm32g4xx_hal_adc.o
 .text.LL_ADC_SetChannelSamplingTime
                0x0000000008001bc4       0x56 ./Drivers/STM32G4xx_HAL_Driver/Src/stm32g4xx_hal_adc.o
 *fill*         0x0000000008001c1a        0x2 
 .text.LL_ADC_SetChannelSingleDiff
                0x0000000008001c1c       0x48 ./Drivers/STM32G4xx_HAL_Driver/Src/stm32g4xx_hal_adc.o
 .text.LL_ADC_GetMultimode
                0x0000000008001c64       0x1c ./Drivers/STM32G4xx_HAL_Driver/Src/stm32g4xx_hal_adc.o
 .text.LL_ADC_GetMultiDMATransfer
                0x0000000008001c80       0x1c ./Drivers/STM32G4xx_HAL_Driver/Src/stm32g4xx_hal_adc.o
 .text.LL_ADC_DisableDeepPowerDown
                0x0000000008001c9c       0x24 ./Drivers/STM32G4xx_HAL_Driver/Src/stm32g4xx_hal_adc.o
 .text.LL_ADC_IsDeepPowerDownEnabled
                0x0000000008001cc0       0x28 ./Drivers/STM32G4xx_HAL_Driver/Src/stm32g4xx_hal_adc.o
 .text.LL_ADC_EnableInternalRegulator
                0x0000000008001ce8       0x28 ./Drivers/STM32G4xx_HAL_Driver/Src/stm32g4xx_hal_adc.o
 .text.LL_ADC_IsInternalRegulatorEnabled
                0x0000000008001d10       0x28 ./Drivers/STM32G4xx_HAL_Driver/Src/stm32g4xx_hal_adc.o
 .text.LL_ADC_Enable
                0x0000000008001d38       0x28 ./Drivers/STM32G4xx_HAL_Driver/Src/stm32g4xx_hal_adc.o
 .text.LL_ADC_IsEnabled
                0x0000000008001d60       0x26 ./Drivers/STM32G4xx_HAL_Driver/Src/stm32g4xx_hal_adc.o
 .text.LL_ADC_REG_StartConversion
                0x0000000008001d86       0x28 ./Drivers/STM32G4xx_HAL_Driver/Src/stm32g4xx_hal_adc.o
 .text.LL_ADC_REG_IsConversionOngoing
                0x0000000008001dae       0x26 ./Drivers/STM32G4xx_HAL_Driver/Src/stm32g4xx_hal_adc.o
 .text.LL_ADC_INJ_IsConversionOngoing
                0x0000000008001dd4       0x26 ./Drivers/STM32G4xx_HAL_Driver/Src/stm32g4xx_hal_adc.o
 *fill*         0x0000000008001dfa        0x2 
 .text.HAL_ADC_Init
                0x0000000008001dfc      0x314 ./Drivers/STM32G4xx_HAL_Driver/Src/stm32g4xx_hal_adc.o
                0x0000000008001dfc                HAL_ADC_Init
 .text.HAL_ADC_Start_IT
                0x0000000008002110      0x264 ./Drivers/STM32G4xx_HAL_Driver/Src/stm32g4xx_hal_adc.o
                0x0000000008002110                HAL_ADC_Start_IT
 .text.HAL_ADC_GetValue
                0x0000000008002374       0x1a ./Drivers/STM32G4xx_HAL_Driver/Src/stm32g4xx_hal_adc.o
                0x0000000008002374                HAL_ADC_GetValue
 *fill*         0x000000000800238e        0x2 
 .text.HAL_ADC_IRQHandler
                0x0000000008002390      0x434 ./Drivers/STM32G4xx_HAL_Driver/Src/stm32g4xx_hal_adc.o
                0x0000000008002390                HAL_ADC_IRQHandler
 .text.HAL_ADC_LevelOutOfWindowCallback
                0x00000000080027c4       0x14 ./Drivers/STM32G4xx_HAL_Driver/Src/stm32g4xx_hal_adc.o
                0x00000000080027c4                HAL_ADC_LevelOutOfWindowCallback
 .text.HAL_ADC_ErrorCallback
                0x00000000080027d8       0x14 ./Drivers/STM32G4xx_HAL_Driver/Src/stm32g4xx_hal_adc.o
                0x00000000080027d8                HAL_ADC_ErrorCallback
 .text.HAL_ADC_ConfigChannel
                0x00000000080027ec      0x7e0 ./Drivers/STM32G4xx_HAL_Driver/Src/stm32g4xx_hal_adc.o
                0x00000000080027ec                HAL_ADC_ConfigChannel
 .text.ADC_Enable
                0x0000000008002fcc       0xc4 ./Drivers/STM32G4xx_HAL_Driver/Src/stm32g4xx_hal_adc.o
                0x0000000008002fcc                ADC_Enable
 .text.LL_ADC_IsEnabled
                0x0000000008003090       0x26 ./Drivers/STM32G4xx_HAL_Driver/Src/stm32g4xx_hal_adc_ex.o
 .text.LL_ADC_REG_IsConversionOngoing
                0x00000000080030b6       0x26 ./Drivers/STM32G4xx_HAL_Driver/Src/stm32g4xx_hal_adc_ex.o
 .text.HAL_ADCEx_InjectedConvCpltCallback
                0x00000000080030dc       0x14 ./Drivers/STM32G4xx_HAL_Driver/Src/stm32g4xx_hal_adc_ex.o
                0x00000000080030dc                HAL_ADCEx_InjectedConvCpltCallback
 .text.HAL_ADCEx_InjectedQueueOverflowCallback
                0x00000000080030f0       0x14 ./Drivers/STM32G4xx_HAL_Driver/Src/stm32g4xx_hal_adc_ex.o
                0x00000000080030f0                HAL_ADCEx_InjectedQueueOverflowCallback
 .text.HAL_ADCEx_LevelOutOfWindow2Callback
                0x0000000008003104       0x14 ./Drivers/STM32G4xx_HAL_Driver/Src/stm32g4xx_hal_adc_ex.o
                0x0000000008003104                HAL_ADCEx_LevelOutOfWindow2Callback
 .text.HAL_ADCEx_LevelOutOfWindow3Callback
                0x0000000008003118       0x14 ./Drivers/STM32G4xx_HAL_Driver/Src/stm32g4xx_hal_adc_ex.o
                0x0000000008003118                HAL_ADCEx_LevelOutOfWindow3Callback
 .text.HAL_ADCEx_EndOfSamplingCallback
                0x000000000800312c       0x14 ./Drivers/STM32G4xx_HAL_Driver/Src/stm32g4xx_hal_adc_ex.o
                0x000000000800312c                HAL_ADCEx_EndOfSamplingCallback
 .text.HAL_ADCEx_MultiModeConfigChannel
                0x0000000008003140      0x148 ./Drivers/STM32G4xx_HAL_Driver/Src/stm32g4xx_hal_adc_ex.o
                0x0000000008003140                HAL_ADCEx_MultiModeConfigChannel
 .text.__NVIC_SetPriorityGrouping
                0x0000000008003288       0x48 ./Drivers/STM32G4xx_HAL_Driver/Src/stm32g4xx_hal_cortex.o
 .text.__NVIC_GetPriorityGrouping
                0x00000000080032d0       0x1c ./Drivers/STM32G4xx_HAL_Driver/Src/stm32g4xx_hal_cortex.o
 .text.__NVIC_EnableIRQ
                0x00000000080032ec       0x3c ./Drivers/STM32G4xx_HAL_Driver/Src/stm32g4xx_hal_cortex.o
 .text.__NVIC_SetPriority
                0x0000000008003328       0x54 ./Drivers/STM32G4xx_HAL_Driver/Src/stm32g4xx_hal_cortex.o
 .text.NVIC_EncodePriority
                0x000000000800337c       0x66 ./Drivers/STM32G4xx_HAL_Driver/Src/stm32g4xx_hal_cortex.o
 *fill*         0x00000000080033e2        0x2 
 .text.SysTick_Config
                0x00000000080033e4       0x44 ./Drivers/STM32G4xx_HAL_Driver/Src/stm32g4xx_hal_cortex.o
 .text.HAL_NVIC_SetPriorityGrouping
                0x0000000008003428       0x16 ./Drivers/STM32G4xx_HAL_Driver/Src/stm32g4xx_hal_cortex.o
                0x0000000008003428                HAL_NVIC_SetPriorityGrouping
 .text.HAL_NVIC_SetPriority
                0x000000000800343e       0x34 ./Drivers/STM32G4xx_HAL_Driver/Src/stm32g4xx_hal_cortex.o
                0x000000000800343e                HAL_NVIC_SetPriority
 .text.HAL_NVIC_EnableIRQ
                0x0000000008003472       0x1c ./Drivers/STM32G4xx_HAL_Driver/Src/stm32g4xx_hal_cortex.o
                0x0000000008003472                HAL_NVIC_EnableIRQ
 .text.HAL_SYSTICK_Config
                0x000000000800348e       0x18 ./Drivers/STM32G4xx_HAL_Driver/Src/stm32g4xx_hal_cortex.o
                0x000000000800348e                HAL_SYSTICK_Config
 .text.HAL_DAC_Init
                0x00000000080034a6       0x44 ./Drivers/STM32G4xx_HAL_Driver/Src/stm32g4xx_hal_dac.o
                0x00000000080034a6                HAL_DAC_Init
 .text.HAL_DAC_Start
                0x00000000080034ea       0xa6 ./Drivers/STM32G4xx_HAL_Driver/Src/stm32g4xx_hal_dac.o
                0x00000000080034ea                HAL_DAC_Start
 .text.HAL_DAC_SetValue
                0x0000000008003590       0x50 ./Drivers/STM32G4xx_HAL_Driver/Src/stm32g4xx_hal_dac.o
                0x0000000008003590                HAL_DAC_SetValue
 .text.HAL_DAC_ConfigChannel
                0x00000000080035e0      0x350 ./Drivers/STM32G4xx_HAL_Driver/Src/stm32g4xx_hal_dac.o
                0x00000000080035e0                HAL_DAC_ConfigChannel
 .text.HAL_GPIO_Init
                0x0000000008003930      0x304 ./Drivers/STM32G4xx_HAL_Driver/Src/stm32g4xx_hal_gpio.o
                0x0000000008003930                HAL_GPIO_Init
 .text.HAL_GPIO_WritePin
                0x0000000008003c34       0x30 ./Drivers/STM32G4xx_HAL_Driver/Src/stm32g4xx_hal_gpio.o
                0x0000000008003c34                HAL_GPIO_WritePin
 .text.HAL_PWREx_ControlVoltageScaling
                0x0000000008003c64      0x148 ./Drivers/STM32G4xx_HAL_Driver/Src/stm32g4xx_hal_pwr_ex.o
                0x0000000008003c64                HAL_PWREx_ControlVoltageScaling
 .text.HAL_PWREx_DisableUCPDDeadBattery
                0x0000000008003dac       0x20 ./Drivers/STM32G4xx_HAL_Driver/Src/stm32g4xx_hal_pwr_ex.o
                0x0000000008003dac                HAL_PWREx_DisableUCPDDeadBattery
 .text.HAL_RCC_OscConfig
                0x0000000008003dcc      0x630 ./Drivers/STM32G4xx_HAL_Driver/Src/stm32g4xx_hal_rcc.o
                0x0000000008003dcc                HAL_RCC_OscConfig
 .text.HAL_RCC_ClockConfig
                0x00000000080043fc      0x278 ./Drivers/STM32G4xx_HAL_Driver/Src/stm32g4xx_hal_rcc.o
                0x00000000080043fc                HAL_RCC_ClockConfig
 .text.HAL_RCC_GetSysClockFreq
                0x0000000008004674       0xc4 ./Drivers/STM32G4xx_HAL_Driver/Src/stm32g4xx_hal_rcc.o
                0x0000000008004674                HAL_RCC_GetSysClockFreq
 .text.HAL_RCC_GetHCLKFreq
                0x0000000008004738       0x18 ./Drivers/STM32G4xx_HAL_Driver/Src/stm32g4xx_hal_rcc.o
                0x0000000008004738                HAL_RCC_GetHCLKFreq
 .text.HAL_RCC_GetPCLK1Freq
                0x0000000008004750       0x2c ./Drivers/STM32G4xx_HAL_Driver/Src/stm32g4xx_hal_rcc.o
                0x0000000008004750                HAL_RCC_GetPCLK1Freq
 .text.HAL_RCC_GetPCLK2Freq
                0x000000000800477c       0x2c ./Drivers/STM32G4xx_HAL_Driver/Src/stm32g4xx_hal_rcc.o
                0x000000000800477c                HAL_RCC_GetPCLK2Freq
 .text.RCC_GetSysClockFreqFromPLLSource
                0x00000000080047a8       0x8c ./Drivers/STM32G4xx_HAL_Driver/Src/stm32g4xx_hal_rcc.o
 .text.HAL_RCCEx_PeriphCLKConfig
                0x0000000008004834      0x3e0 ./Drivers/STM32G4xx_HAL_Driver/Src/stm32g4xx_hal_rcc_ex.o
                0x0000000008004834                HAL_RCCEx_PeriphCLKConfig
 .text.HAL_TIM_Base_Init
                0x0000000008004c14       0xae ./Drivers/STM32G4xx_HAL_Driver/Src/stm32g4xx_hal_tim.o
                0x0000000008004c14                HAL_TIM_Base_Init
 *fill*         0x0000000008004cc2        0x2 
 .text.HAL_TIM_Base_Start_IT
                0x0000000008004cc4       0xd4 ./Drivers/STM32G4xx_HAL_Driver/Src/stm32g4xx_hal_tim.o
                0x0000000008004cc4                HAL_TIM_Base_Start_IT
 .text.HAL_TIM_IRQHandler
                0x0000000008004d98      0x2fe ./Drivers/STM32G4xx_HAL_Driver/Src/stm32g4xx_hal_tim.o
                0x0000000008004d98                HAL_TIM_IRQHandler
 .text.HAL_TIM_OC_DelayElapsedCallback
                0x0000000008005096       0x14 ./Drivers/STM32G4xx_HAL_Driver/Src/stm32g4xx_hal_tim.o
                0x0000000008005096                HAL_TIM_OC_DelayElapsedCallback
 .text.HAL_TIM_IC_CaptureCallback
                0x00000000080050aa       0x14 ./Drivers/STM32G4xx_HAL_Driver/Src/stm32g4xx_hal_tim.o
                0x00000000080050aa                HAL_TIM_IC_CaptureCallback
 .text.HAL_TIM_PWM_PulseFinishedCallback
                0x00000000080050be       0x14 ./Drivers/STM32G4xx_HAL_Driver/Src/stm32g4xx_hal_tim.o
                0x00000000080050be                HAL_TIM_PWM_PulseFinishedCallback
 .text.HAL_TIM_TriggerCallback
                0x00000000080050d2       0x14 ./Drivers/STM32G4xx_HAL_Driver/Src/stm32g4xx_hal_tim.o
                0x00000000080050d2                HAL_TIM_TriggerCallback
 *fill*         0x00000000080050e6        0x2 
 .text.TIM_Base_SetConfig
                0x00000000080050e8      0x120 ./Drivers/STM32G4xx_HAL_Driver/Src/stm32g4xx_hal_tim.o
                0x00000000080050e8                TIM_Base_SetConfig
 .text.HAL_TIMEx_CommutCallback
                0x0000000008005208       0x14 ./Drivers/STM32G4xx_HAL_Driver/Src/stm32g4xx_hal_tim_ex.o
                0x0000000008005208                HAL_TIMEx_CommutCallback
 .text.HAL_TIMEx_BreakCallback
                0x000000000800521c       0x14 ./Drivers/STM32G4xx_HAL_Driver/Src/stm32g4xx_hal_tim_ex.o
                0x000000000800521c                HAL_TIMEx_BreakCallback
 .text.HAL_TIMEx_Break2Callback
                0x0000000008005230       0x14 ./Drivers/STM32G4xx_HAL_Driver/Src/stm32g4xx_hal_tim_ex.o
                0x0000000008005230                HAL_TIMEx_Break2Callback
 .text.HAL_TIMEx_EncoderIndexCallback
                0x0000000008005244       0x14 ./Drivers/STM32G4xx_HAL_Driver/Src/stm32g4xx_hal_tim_ex.o
                0x0000000008005244                HAL_TIMEx_EncoderIndexCallback
 .text.HAL_TIMEx_DirectionChangeCallback
                0x0000000008005258       0x14 ./Drivers/STM32G4xx_HAL_Driver/Src/stm32g4xx_hal_tim_ex.o
                0x0000000008005258                HAL_TIMEx_DirectionChangeCallback
 .text.HAL_TIMEx_IndexErrorCallback
                0x000000000800526c       0x14 ./Drivers/STM32G4xx_HAL_Driver/Src/stm32g4xx_hal_tim_ex.o
                0x000000000800526c                HAL_TIMEx_IndexErrorCallback
 .text.HAL_TIMEx_TransitionErrorCallback
                0x0000000008005280       0x14 ./Drivers/STM32G4xx_HAL_Driver/Src/stm32g4xx_hal_tim_ex.o
                0x0000000008005280                HAL_TIMEx_TransitionErrorCallback
 .text.HAL_UART_Init
                0x0000000008005294       0xa0 ./Drivers/STM32G4xx_HAL_Driver/Src/stm32g4xx_hal_uart.o
                0x0000000008005294                HAL_UART_Init
 .text.UART_SetConfig
                0x0000000008005334      0x53c ./Drivers/STM32G4xx_HAL_Driver/Src/stm32g4xx_hal_uart.o
                0x0000000008005334                UART_SetConfig
 .text.UART_AdvFeatureConfig
                0x0000000008005870      0x144 ./Drivers/STM32G4xx_HAL_Driver/Src/stm32g4xx_hal_uart.o
                0x0000000008005870                UART_AdvFeatureConfig
 .text.UART_CheckIdleState
                0x00000000080059b4       0x96 ./Drivers/STM32G4xx_HAL_Driver/Src/stm32g4xx_hal_uart.o
                0x00000000080059b4                UART_CheckIdleState
 .text.UART_WaitOnFlagUntilTimeout
                0x0000000008005a4a      0x100 ./Drivers/STM32G4xx_HAL_Driver/Src/stm32g4xx_hal_uart.o
                0x0000000008005a4a                UART_WaitOnFlagUntilTimeout
 .text.HAL_UARTEx_DisableFifoMode
                0x0000000008005b4a       0x72 ./Drivers/STM32G4xx_HAL_Driver/Src/stm32g4xx_hal_uart_ex.o
                0x0000000008005b4a                HAL_UARTEx_DisableFifoMode
 .text.HAL_UARTEx_SetTxFifoThreshold
                0x0000000008005bbc       0x7c ./Drivers/STM32G4xx_HAL_Driver/Src/stm32g4xx_hal_uart_ex.o
                0x0000000008005bbc                HAL_UARTEx_SetTxFifoThreshold
 .text.HAL_UARTEx_SetRxFifoThreshold
                0x0000000008005c38       0x7c ./Drivers/STM32G4xx_HAL_Driver/Src/stm32g4xx_hal_uart_ex.o
                0x0000000008005c38                HAL_UARTEx_SetRxFifoThreshold
 .text.UARTEx_SetNbDataToProcess
                0x0000000008005cb4       0x9c ./Drivers/STM32G4xx_HAL_Driver/Src/stm32g4xx_hal_uart_ex.o
 .text.__errno  0x0000000008005d50        0xc c:/st/stm32cubeide_1.6.1/stm32cubeide/plugins/com.st.stm32cube.ide.mcu.externaltools.gnu-tools-for-stm32.9-2020-q2-update.win32_2.0.0.202105311346/tools/bin/../lib/gcc/arm-none-eabi/9.3.1/../../../../arm-none-eabi/lib/thumb/v7e-m+fp/hard\libc_nano.a(lib_a-errno.o)
                0x0000000008005d50                __errno
 .text.__libc_init_array
                0x0000000008005d5c       0x48 c:/st/stm32cubeide_1.6.1/stm32cubeide/plugins/com.st.stm32cube.ide.mcu.externaltools.gnu-tools-for-stm32.9-2020-q2-update.win32_2.0.0.202105311346/tools/bin/../lib/gcc/arm-none-eabi/9.3.1/../../../../arm-none-eabi/lib/thumb/v7e-m+fp/hard\libc_nano.a(lib_a-init.o)
                0x0000000008005d5c                __libc_init_array
 .text.memset   0x0000000008005da4       0x10 c:/st/stm32cubeide_1.6.1/stm32cubeide/plugins/com.st.stm32cube.ide.mcu.externaltools.gnu-tools-for-stm32.9-2020-q2-update.win32_2.0.0.202105311346/tools/bin/../lib/gcc/arm-none-eabi/9.3.1/../../../../arm-none-eabi/lib/thumb/v7e-m+fp/hard\libc_nano.a(lib_a-memset.o)
                0x0000000008005da4                memset
 .text.pow      0x0000000008005db4      0x15c c:/st/stm32cubeide_1.6.1/stm32cubeide/plugins/com.st.stm32cube.ide.mcu.externaltools.gnu-tools-for-stm32.9-2020-q2-update.win32_2.0.0.202105311346/tools/bin/../lib/gcc/arm-none-eabi/9.3.1/../../../../arm-none-eabi/lib/thumb/v7e-m+fp/hard\libm.a(lib_a-w_pow.o)
                0x0000000008005db4                pow
 .text.__ieee754_pow
                0x0000000008005f10      0xa44 c:/st/stm32cubeide_1.6.1/stm32cubeide/plugins/com.st.stm32cube.ide.mcu.externaltools.gnu-tools-for-stm32.9-2020-q2-update.win32_2.0.0.202105311346/tools/bin/../lib/gcc/arm-none-eabi/9.3.1/../../../../arm-none-eabi/lib/thumb/v7e-m+fp/hard\libm.a(lib_a-e_pow.o)
                0x0000000008005f10                __ieee754_pow
 .text.__ieee754_sqrt
                0x0000000008006954      0x168 c:/st/stm32cubeide_1.6.1/stm32cubeide/plugins/com.st.stm32cube.ide.mcu.externaltools.gnu-tools-for-stm32.9-2020-q2-update.win32_2.0.0.202105311346/tools/bin/../lib/gcc/arm-none-eabi/9.3.1/../../../../arm-none-eabi/lib/thumb/v7e-m+fp/hard\libm.a(lib_a-e_sqrt.o)
                0x0000000008006954                __ieee754_sqrt
 .text.fabs     0x0000000008006abc       0x12 c:/st/stm32cubeide_1.6.1/stm32cubeide/plugins/com.st.stm32cube.ide.mcu.externaltools.gnu-tools-for-stm32.9-2020-q2-update.win32_2.0.0.202105311346/tools/bin/../lib/gcc/arm-none-eabi/9.3.1/../../../../arm-none-eabi/lib/thumb/v7e-m+fp/hard\libm.a(lib_a-s_fabs.o)
                0x0000000008006abc                fabs
 .text.finite   0x0000000008006ace       0x16 c:/st/stm32cubeide_1.6.1/stm32cubeide/plugins/com.st.stm32cube.ide.mcu.externaltools.gnu-tools-for-stm32.9-2020-q2-update.win32_2.0.0.202105311346/tools/bin/../lib/gcc/arm-none-eabi/9.3.1/../../../../arm-none-eabi/lib/thumb/v7e-m+fp/hard\libm.a(lib_a-s_finite.o)
                0x0000000008006ace                finite
 *fill*         0x0000000008006ae4        0x4 
 .text.nan      0x0000000008006ae8       0x10 c:/st/stm32cubeide_1.6.1/stm32cubeide/plugins/com.st.stm32cube.ide.mcu.externaltools.gnu-tools-for-stm32.9-2020-q2-update.win32_2.0.0.202105311346/tools/bin/../lib/gcc/arm-none-eabi/9.3.1/../../../../arm-none-eabi/lib/thumb/v7e-m+fp/hard\libm.a(lib_a-s_nan.o)
                0x0000000008006ae8                nan
 .text.rint     0x0000000008006af8      0x114 c:/st/stm32cubeide_1.6.1/stm32cubeide/plugins/com.st.stm32cube.ide.mcu.externaltools.gnu-tools-for-stm32.9-2020-q2-update.win32_2.0.0.202105311346/tools/bin/../lib/gcc/arm-none-eabi/9.3.1/../../../../arm-none-eabi/lib/thumb/v7e-m+fp/hard\libm.a(lib_a-s_rint.o)
                0x0000000008006af8                rint
 *fill*         0x0000000008006c0c        0x4 
 .text.scalbn   0x0000000008006c10      0x10c c:/st/stm32cubeide_1.6.1/stm32cubeide/plugins/com.st.stm32cube.ide.mcu.externaltools.gnu-tools-for-stm32.9-2020-q2-update.win32_2.0.0.202105311346/tools/bin/../lib/gcc/arm-none-eabi/9.3.1/../../../../arm-none-eabi/lib/thumb/v7e-m+fp/hard\libm.a(lib_a-s_scalbn.o)
                0x0000000008006c10                scalbn
 *(.glue_7)
 .glue_7        0x0000000008006d1c        0x0 linker stubs
 *(.glue_7t)
 .glue_7t       0x0000000008006d1c        0x0 linker stubs
 *(.eh_frame)
 .eh_frame      0x0000000008006d1c        0x0 c:/st/stm32cubeide_1.6.1/stm32cubeide/plugins/com.st.stm32cube.ide.mcu.externaltools.gnu-tools-for-stm32.9-2020-q2-update.win32_2.0.0.202105311346/tools/bin/../lib/gcc/arm-none-eabi/9.3.1/thumb/v7e-m+fp/hard/crtbegin.o
 *(.init)
 .init          0x0000000008006d1c        0x4 c:/st/stm32cubeide_1.6.1/stm32cubeide/plugins/com.st.stm32cube.ide.mcu.externaltools.gnu-tools-for-stm32.9-2020-q2-update.win32_2.0.0.202105311346/tools/bin/../lib/gcc/arm-none-eabi/9.3.1/thumb/v7e-m+fp/hard/crti.o
                0x0000000008006d1c                _init
 .init          0x0000000008006d20        0x8 c:/st/stm32cubeide_1.6.1/stm32cubeide/plugins/com.st.stm32cube.ide.mcu.externaltools.gnu-tools-for-stm32.9-2020-q2-update.win32_2.0.0.202105311346/tools/bin/../lib/gcc/arm-none-eabi/9.3.1/thumb/v7e-m+fp/hard/crtn.o
 *(.fini)
 .fini          0x0000000008006d28        0x4 c:/st/stm32cubeide_1.6.1/stm32cubeide/plugins/com.st.stm32cube.ide.mcu.externaltools.gnu-tools-for-stm32.9-2020-q2-update.win32_2.0.0.202105311346/tools/bin/../lib/gcc/arm-none-eabi/9.3.1/thumb/v7e-m+fp/hard/crti.o
                0x0000000008006d28                _fini
 .fini          0x0000000008006d2c        0x8 c:/st/stm32cubeide_1.6.1/stm32cubeide/plugins/com.st.stm32cube.ide.mcu.externaltools.gnu-tools-for-stm32.9-2020-q2-update.win32_2.0.0.202105311346/tools/bin/../lib/gcc/arm-none-eabi/9.3.1/thumb/v7e-m+fp/hard/crtn.o
                0x0000000008006d34                . = ALIGN (0x4)
                0x0000000008006d34                _etext = .

.vfp11_veneer   0x0000000008006d34        0x0
 .vfp11_veneer  0x0000000008006d34        0x0 linker stubs

.v4_bx          0x0000000008006d34        0x0
 .v4_bx         0x0000000008006d34        0x0 linker stubs

.iplt           0x0000000008006d34        0x0
 .iplt          0x0000000008006d34        0x0 c:/st/stm32cubeide_1.6.1/stm32cubeide/plugins/com.st.stm32cube.ide.mcu.externaltools.gnu-tools-for-stm32.9-2020-q2-update.win32_2.0.0.202105311346/tools/bin/../lib/gcc/arm-none-eabi/9.3.1/thumb/v7e-m+fp/hard/crtbegin.o

.rodata         0x0000000008006d38       0x88
                0x0000000008006d38                . = ALIGN (0x4)
 *(.rodata)
 *(.rodata*)
 .rodata.AHBPrescTable
                0x0000000008006d38       0x10 ./Core/Src/system_stm32g4xx.o
                0x0000000008006d38                AHBPrescTable
 .rodata.APBPrescTable
                0x0000000008006d48        0x8 ./Core/Src/system_stm32g4xx.o
                0x0000000008006d48                APBPrescTable
 .rodata.UARTPrescTable
                0x0000000008006d50       0x18 ./Drivers/STM32G4xx_HAL_Driver/Src/stm32g4xx_hal_uart.o
                0x0000000008006d50                UARTPrescTable
 .rodata.numerator.9742
                0x0000000008006d68        0x8 ./Drivers/STM32G4xx_HAL_Driver/Src/stm32g4xx_hal_uart_ex.o
 .rodata.denominator.9743
                0x0000000008006d70        0x8 ./Drivers/STM32G4xx_HAL_Driver/Src/stm32g4xx_hal_uart_ex.o
 .rodata.__ieee754_pow.str1.1
                0x0000000008006d78        0x1 c:/st/stm32cubeide_1.6.1/stm32cubeide/plugins/com.st.stm32cube.ide.mcu.externaltools.gnu-tools-for-stm32.9-2020-q2-update.win32_2.0.0.202105311346/tools/bin/../lib/gcc/arm-none-eabi/9.3.1/../../../../arm-none-eabi/lib/thumb/v7e-m+fp/hard\libm.a(lib_a-e_pow.o)
 *fill*         0x0000000008006d79        0x7 
 .rodata.bp     0x0000000008006d80       0x10 c:/st/stm32cubeide_1.6.1/stm32cubeide/plugins/com.st.stm32cube.ide.mcu.externaltools.gnu-tools-for-stm32.9-2020-q2-update.win32_2.0.0.202105311346/tools/bin/../lib/gcc/arm-none-eabi/9.3.1/../../../../arm-none-eabi/lib/thumb/v7e-m+fp/hard\libm.a(lib_a-e_pow.o)
 .rodata.dp_h   0x0000000008006d90       0x10 c:/st/stm32cubeide_1.6.1/stm32cubeide/plugins/com.st.stm32cube.ide.mcu.externaltools.gnu-tools-for-stm32.9-2020-q2-update.win32_2.0.0.202105311346/tools/bin/../lib/gcc/arm-none-eabi/9.3.1/../../../../arm-none-eabi/lib/thumb/v7e-m+fp/hard\libm.a(lib_a-e_pow.o)
 .rodata.dp_l   0x0000000008006da0       0x10 c:/st/stm32cubeide_1.6.1/stm32cubeide/plugins/com.st.stm32cube.ide.mcu.externaltools.gnu-tools-for-stm32.9-2020-q2-update.win32_2.0.0.202105311346/tools/bin/../lib/gcc/arm-none-eabi/9.3.1/../../../../arm-none-eabi/lib/thumb/v7e-m+fp/hard\libm.a(lib_a-e_pow.o)
 .rodata.TWO52  0x0000000008006db0       0x10 c:/st/stm32cubeide_1.6.1/stm32cubeide/plugins/com.st.stm32cube.ide.mcu.externaltools.gnu-tools-for-stm32.9-2020-q2-update.win32_2.0.0.202105311346/tools/bin/../lib/gcc/arm-none-eabi/9.3.1/../../../../arm-none-eabi/lib/thumb/v7e-m+fp/hard\libm.a(lib_a-s_rint.o)
                0x0000000008006dc0                . = ALIGN (0x4)

.ARM.extab      0x0000000008006dc0        0x0
                0x0000000008006dc0                . = ALIGN (0x4)
 *(.ARM.extab* .gnu.linkonce.armextab.*)
                0x0000000008006dc0                . = ALIGN (0x4)

.ARM            0x0000000008006dc0        0x8
                0x0000000008006dc0                . = ALIGN (0x4)
                0x0000000008006dc0                __exidx_start = .
 *(.ARM.exidx*)
 .ARM.exidx     0x0000000008006dc0        0x8 c:/st/stm32cubeide_1.6.1/stm32cubeide/plugins/com.st.stm32cube.ide.mcu.externaltools.gnu-tools-for-stm32.9-2020-q2-update.win32_2.0.0.202105311346/tools/bin/../lib/gcc/arm-none-eabi/9.3.1/thumb/v7e-m+fp/hard\libgcc.a(_udivmoddi4.o)
                0x0000000008006dc8                __exidx_end = .
                0x0000000008006dc8                . = ALIGN (0x4)

.rel.dyn        0x0000000008006dc8        0x0
 .rel.iplt      0x0000000008006dc8        0x0 c:/st/stm32cubeide_1.6.1/stm32cubeide/plugins/com.st.stm32cube.ide.mcu.externaltools.gnu-tools-for-stm32.9-2020-q2-update.win32_2.0.0.202105311346/tools/bin/../lib/gcc/arm-none-eabi/9.3.1/thumb/v7e-m+fp/hard/crtbegin.o

.preinit_array  0x0000000008006dc8        0x0
                0x0000000008006dc8                . = ALIGN (0x4)
                0x0000000008006dc8                PROVIDE (__preinit_array_start = .)
 *(.preinit_array*)
                0x0000000008006dc8                PROVIDE (__preinit_array_end = .)
                0x0000000008006dc8                . = ALIGN (0x4)

.init_array     0x0000000008006dc8        0x4
                0x0000000008006dc8                . = ALIGN (0x4)
                0x0000000008006dc8                PROVIDE (__init_array_start = .)
 *(SORT_BY_NAME(.init_array.*))
 *(.init_array*)
 .init_array    0x0000000008006dc8        0x4 c:/st/stm32cubeide_1.6.1/stm32cubeide/plugins/com.st.stm32cube.ide.mcu.externaltools.gnu-tools-for-stm32.9-2020-q2-update.win32_2.0.0.202105311346/tools/bin/../lib/gcc/arm-none-eabi/9.3.1/thumb/v7e-m+fp/hard/crtbegin.o
                0x0000000008006dcc                PROVIDE (__init_array_end = .)
                0x0000000008006dcc                . = ALIGN (0x4)

.fini_array     0x0000000008006dcc        0x4
                0x0000000008006dcc                . = ALIGN (0x4)
                [!provide]                        PROVIDE (__fini_array_start = .)
 *(SORT_BY_NAME(.fini_array.*))
 *(.fini_array*)
 .fini_array    0x0000000008006dcc        0x4 c:/st/stm32cubeide_1.6.1/stm32cubeide/plugins/com.st.stm32cube.ide.mcu.externaltools.gnu-tools-for-stm32.9-2020-q2-update.win32_2.0.0.202105311346/tools/bin/../lib/gcc/arm-none-eabi/9.3.1/thumb/v7e-m+fp/hard/crtbegin.o
                [!provide]                        PROVIDE (__fini_array_end = .)
                0x0000000008006dd0                . = ALIGN (0x4)
                0x0000000008006dd0                _sidata = LOADADDR (.data)

.data           0x0000000020000000     0x2080 load address 0x0000000008006dd0
                0x0000000020000000                . = ALIGN (0x4)
                0x0000000020000000                _sdata = .
 *(.data)
 *(.data*)
 .data.dac2_wave_type
                0x0000000020000000        0x1 ./Core/Src/dac.o
                0x0000000020000000                dac2_wave_type
 *fill*         0x0000000020000001        0x3 
 .data.dac_delta
                0x0000000020000004        0x4 ./Core/Src/dac.o
                0x0000000020000004                dac_delta
 .data.pulse_width
                0x0000000020000008        0x4 ./Core/Src/dac.o
                0x0000000020000008                pulse_width
 .data.sine_lut
                0x000000002000000c     0x2000 ./Core/Src/sine_lut.o
                0x000000002000000c                sine_lut
 .data.SystemCoreClock
                0x000000002000200c        0x4 ./Core/Src/system_stm32g4xx.o
                0x000000002000200c                SystemCoreClock
 .data.uwTickPrio
                0x0000000020002010        0x4 ./Drivers/STM32G4xx_HAL_Driver/Src/stm32g4xx_hal.o
                0x0000000020002010                uwTickPrio
 .data.uwTickFreq
                0x0000000020002014        0x4 ./Drivers/STM32G4xx_HAL_Driver/Src/stm32g4xx_hal.o
                0x0000000020002014                uwTickFreq
 .data._impure_ptr
                0x0000000020002018        0x4 c:/st/stm32cubeide_1.6.1/stm32cubeide/plugins/com.st.stm32cube.ide.mcu.externaltools.gnu-tools-for-stm32.9-2020-q2-update.win32_2.0.0.202105311346/tools/bin/../lib/gcc/arm-none-eabi/9.3.1/../../../../arm-none-eabi/lib/thumb/v7e-m+fp/hard\libc_nano.a(lib_a-impure.o)
                0x0000000020002018                _impure_ptr
 .data.impure_data
                0x000000002000201c       0x60 c:/st/stm32cubeide_1.6.1/stm32cubeide/plugins/com.st.stm32cube.ide.mcu.externaltools.gnu-tools-for-stm32.9-2020-q2-update.win32_2.0.0.202105311346/tools/bin/../lib/gcc/arm-none-eabi/9.3.1/../../../../arm-none-eabi/lib/thumb/v7e-m+fp/hard\libc_nano.a(lib_a-impure.o)
 .data.__fdlib_version
                0x000000002000207c        0x1 c:/st/stm32cubeide_1.6.1/stm32cubeide/plugins/com.st.stm32cube.ide.mcu.externaltools.gnu-tools-for-stm32.9-2020-q2-update.win32_2.0.0.202105311346/tools/bin/../lib/gcc/arm-none-eabi/9.3.1/../../../../arm-none-eabi/lib/thumb/v7e-m+fp/hard\libm.a(lib_a-s_lib_ver.o)
                0x000000002000207c                __fdlib_version
 *(.RamFunc)
 *(.RamFunc*)
                0x0000000020002080                . = ALIGN (0x4)
 *fill*         0x000000002000207d        0x3 
                0x0000000020002080                _edata = .

.igot.plt       0x0000000020002080        0x0 load address 0x0000000008008e50
 .igot.plt      0x0000000020002080        0x0 c:/st/stm32cubeide_1.6.1/stm32cubeide/plugins/com.st.stm32cube.ide.mcu.externaltools.gnu-tools-for-stm32.9-2020-q2-update.win32_2.0.0.202105311346/tools/bin/../lib/gcc/arm-none-eabi/9.3.1/thumb/v7e-m+fp/hard/crtbegin.o
                0x0000000020002080                . = ALIGN (0x4)

.bss            0x0000000020002080      0x184 load address 0x0000000008008e50
                0x0000000020002080                _sbss = .
                0x0000000020002080                __bss_start__ = _sbss
 *(.bss)
 .bss           0x0000000020002080       0x1c c:/st/stm32cubeide_1.6.1/stm32cubeide/plugins/com.st.stm32cube.ide.mcu.externaltools.gnu-tools-for-stm32.9-2020-q2-update.win32_2.0.0.202105311346/tools/bin/../lib/gcc/arm-none-eabi/9.3.1/thumb/v7e-m+fp/hard/crtbegin.o
 *(.bss*)
 .bss.dac1_wave_type
                0x000000002000209c        0x1 ./Core/Src/dac.o
                0x000000002000209c                dac1_wave_type
 *fill*         0x000000002000209d        0x3 
 .bss.dac_value
                0x00000000200020a0        0x4 ./Core/Src/dac.o
                0x00000000200020a0                dac_value
 *(COMMON)
 COMMON         0x00000000200020a4      0x15c ./Core/Src/main.o
                0x00000000200020a4                hdac1
                0x00000000200020b8                hadc1
                0x0000000020002124                huart2
                0x00000000200021b4                htim16
 COMMON         0x0000000020002200        0x4 ./Drivers/STM32G4xx_HAL_Driver/Src/stm32g4xx_hal.o
                0x0000000020002200                uwTick
                0x0000000020002204                . = ALIGN (0x4)
                0x0000000020002204                _ebss = .
                0x0000000020002204                __bss_end__ = _ebss

._user_heap_stack
                0x0000000020002204      0x604 load address 0x0000000008008e50
                0x0000000020002208                . = ALIGN (0x8)
 *fill*         0x0000000020002204        0x4 
                [!provide]                        PROVIDE (end = .)
                0x0000000020002208                PROVIDE (_end = .)
                0x0000000020002408                . = (. + _Min_Heap_Size)
 *fill*         0x0000000020002208      0x200 
                0x0000000020002808                . = (. + _Min_Stack_Size)
 *fill*         0x0000000020002408      0x400 
                0x0000000020002808                . = ALIGN (0x8)

/DISCARD/
 libc.a(*)
 libm.a(*)
 libgcc.a(*)

.ARM.attributes
                0x0000000000000000       0x30
 *(.ARM.attributes)
 .ARM.attributes
                0x0000000000000000       0x1e c:/st/stm32cubeide_1.6.1/stm32cubeide/plugins/com.st.stm32cube.ide.mcu.externaltools.gnu-tools-for-stm32.9-2020-q2-update.win32_2.0.0.202105311346/tools/bin/../lib/gcc/arm-none-eabi/9.3.1/thumb/v7e-m+fp/hard/crti.o
 .ARM.attributes
                0x000000000000001e       0x34 c:/st/stm32cubeide_1.6.1/stm32cubeide/plugins/com.st.stm32cube.ide.mcu.externaltools.gnu-tools-for-stm32.9-2020-q2-update.win32_2.0.0.202105311346/tools/bin/../lib/gcc/arm-none-eabi/9.3.1/thumb/v7e-m+fp/hard/crtbegin.o
 .ARM.attributes
                0x0000000000000052       0x34 ./Core/Src/adc.o
 .ARM.attributes
                0x0000000000000086       0x34 ./Core/Src/dac.o
 .ARM.attributes
                0x00000000000000ba       0x34 ./Core/Src/main.o
 .ARM.attributes
                0x00000000000000ee       0x39 ./Core/Src/sine_lut.o
 .ARM.attributes
                0x0000000000000127       0x34 ./Core/Src/stm32g4xx_hal_msp.o
 .ARM.attributes
                0x000000000000015b       0x34 ./Core/Src/stm32g4xx_it.o
 .ARM.attributes
                0x000000000000018f       0x34 ./Core/Src/system_stm32g4xx.o
 .ARM.attributes
                0x00000000000001c3       0x34 ./Core/Src/tim.o
 .ARM.attributes
                0x00000000000001f7       0x21 ./Core/Startup/startup_stm32g431kbtx.o
 .ARM.attributes
                0x0000000000000218       0x34 ./Drivers/STM32G4xx_HAL_Driver/Src/stm32g4xx_hal.o
 .ARM.attributes
                0x000000000000024c       0x34 ./Drivers/STM32G4xx_HAL_Driver/Src/stm32g4xx_hal_adc.o
 .ARM.attributes
                0x0000000000000280       0x34 ./Drivers/STM32G4xx_HAL_Driver/Src/stm32g4xx_hal_adc_ex.o
 .ARM.attributes
                0x00000000000002b4       0x34 ./Drivers/STM32G4xx_HAL_Driver/Src/stm32g4xx_hal_cortex.o
 .ARM.attributes
                0x00000000000002e8       0x34 ./Drivers/STM32G4xx_HAL_Driver/Src/stm32g4xx_hal_dac.o
 .ARM.attributes
                0x000000000000031c       0x34 ./Drivers/STM32G4xx_HAL_Driver/Src/stm32g4xx_hal_gpio.o
 .ARM.attributes
                0x0000000000000350       0x34 ./Drivers/STM32G4xx_HAL_Driver/Src/stm32g4xx_hal_pwr_ex.o
 .ARM.attributes
                0x0000000000000384       0x34 ./Drivers/STM32G4xx_HAL_Driver/Src/stm32g4xx_hal_rcc.o
 .ARM.attributes
                0x00000000000003b8       0x34 ./Drivers/STM32G4xx_HAL_Driver/Src/stm32g4xx_hal_rcc_ex.o
 .ARM.attributes
                0x00000000000003ec       0x34 ./Drivers/STM32G4xx_HAL_Driver/Src/stm32g4xx_hal_tim.o
 .ARM.attributes
                0x0000000000000420       0x34 ./Drivers/STM32G4xx_HAL_Driver/Src/stm32g4xx_hal_tim_ex.o
 .ARM.attributes
                0x0000000000000454       0x34 ./Drivers/STM32G4xx_HAL_Driver/Src/stm32g4xx_hal_uart.o
 .ARM.attributes
                0x0000000000000488       0x34 ./Drivers/STM32G4xx_HAL_Driver/Src/stm32g4xx_hal_uart_ex.o
 .ARM.attributes
                0x00000000000004bc       0x34 c:/st/stm32cubeide_1.6.1/stm32cubeide/plugins/com.st.stm32cube.ide.mcu.externaltools.gnu-tools-for-stm32.9-2020-q2-update.win32_2.0.0.202105311346/tools/bin/../lib/gcc/arm-none-eabi/9.3.1/../../../../arm-none-eabi/lib/thumb/v7e-m+fp/hard\libc_nano.a(lib_a-errno.o)
 .ARM.attributes
                0x00000000000004f0       0x32 c:/st/stm32cubeide_1.6.1/stm32cubeide/plugins/com.st.stm32cube.ide.mcu.externaltools.gnu-tools-for-stm32.9-2020-q2-update.win32_2.0.0.202105311346/tools/bin/../lib/gcc/arm-none-eabi/9.3.1/../../../../arm-none-eabi/lib/thumb/v7e-m+fp/hard\libc_nano.a(lib_a-impure.o)
 .ARM.attributes
                0x0000000000000522       0x34 c:/st/stm32cubeide_1.6.1/stm32cubeide/plugins/com.st.stm32cube.ide.mcu.externaltools.gnu-tools-for-stm32.9-2020-q2-update.win32_2.0.0.202105311346/tools/bin/../lib/gcc/arm-none-eabi/9.3.1/../../../../arm-none-eabi/lib/thumb/v7e-m+fp/hard\libc_nano.a(lib_a-init.o)
 .ARM.attributes
                0x0000000000000556       0x34 c:/st/stm32cubeide_1.6.1/stm32cubeide/plugins/com.st.stm32cube.ide.mcu.externaltools.gnu-tools-for-stm32.9-2020-q2-update.win32_2.0.0.202105311346/tools/bin/../lib/gcc/arm-none-eabi/9.3.1/../../../../arm-none-eabi/lib/thumb/v7e-m+fp/hard\libc_nano.a(lib_a-memset.o)
 .ARM.attributes
                0x000000000000058a       0x34 c:/st/stm32cubeide_1.6.1/stm32cubeide/plugins/com.st.stm32cube.ide.mcu.externaltools.gnu-tools-for-stm32.9-2020-q2-update.win32_2.0.0.202105311346/tools/bin/../lib/gcc/arm-none-eabi/9.3.1/../../../../arm-none-eabi/lib/thumb/v7e-m+fp/hard\libm.a(lib_a-w_pow.o)
 .ARM.attributes
                0x00000000000005be       0x34 c:/st/stm32cubeide_1.6.1/stm32cubeide/plugins/com.st.stm32cube.ide.mcu.externaltools.gnu-tools-for-stm32.9-2020-q2-update.win32_2.0.0.202105311346/tools/bin/../lib/gcc/arm-none-eabi/9.3.1/../../../../arm-none-eabi/lib/thumb/v7e-m+fp/hard\libm.a(lib_a-e_pow.o)
 .ARM.attributes
                0x00000000000005f2       0x34 c:/st/stm32cubeide_1.6.1/stm32cubeide/plugins/com.st.stm32cube.ide.mcu.externaltools.gnu-tools-for-stm32.9-2020-q2-update.win32_2.0.0.202105311346/tools/bin/../lib/gcc/arm-none-eabi/9.3.1/../../../../arm-none-eabi/lib/thumb/v7e-m+fp/hard\libm.a(lib_a-e_sqrt.o)
 .ARM.attributes
                0x0000000000000626       0x34 c:/st/stm32cubeide_1.6.1/stm32cubeide/plugins/com.st.stm32cube.ide.mcu.externaltools.gnu-tools-for-stm32.9-2020-q2-update.win32_2.0.0.202105311346/tools/bin/../lib/gcc/arm-none-eabi/9.3.1/../../../../arm-none-eabi/lib/thumb/v7e-m+fp/hard\libm.a(lib_a-s_fabs.o)
 .ARM.attributes
                0x000000000000065a       0x34 c:/st/stm32cubeide_1.6.1/stm32cubeide/plugins/com.st.stm32cube.ide.mcu.externaltools.gnu-tools-for-stm32.9-2020-q2-update.win32_2.0.0.202105311346/tools/bin/../lib/gcc/arm-none-eabi/9.3.1/../../../../arm-none-eabi/lib/thumb/v7e-m+fp/hard\libm.a(lib_a-s_finite.o)
 .ARM.attributes
                0x000000000000068e       0x32 c:/st/stm32cubeide_1.6.1/stm32cubeide/plugins/com.st.stm32cube.ide.mcu.externaltools.gnu-tools-for-stm32.9-2020-q2-update.win32_2.0.0.202105311346/tools/bin/../lib/gcc/arm-none-eabi/9.3.1/../../../../arm-none-eabi/lib/thumb/v7e-m+fp/hard\libm.a(lib_a-s_lib_ver.o)
 .ARM.attributes
                0x00000000000006c0       0x34 c:/st/stm32cubeide_1.6.1/stm32cubeide/plugins/com.st.stm32cube.ide.mcu.externaltools.gnu-tools-for-stm32.9-2020-q2-update.win32_2.0.0.202105311346/tools/bin/../lib/gcc/arm-none-eabi/9.3.1/../../../../arm-none-eabi/lib/thumb/v7e-m+fp/hard\libm.a(lib_a-s_nan.o)
 .ARM.attributes
                0x00000000000006f4       0x34 c:/st/stm32cubeide_1.6.1/stm32cubeide/plugins/com.st.stm32cube.ide.mcu.externaltools.gnu-tools-for-stm32.9-2020-q2-update.win32_2.0.0.202105311346/tools/bin/../lib/gcc/arm-none-eabi/9.3.1/../../../../arm-none-eabi/lib/thumb/v7e-m+fp/hard\libm.a(lib_a-s_rint.o)
 .ARM.attributes
                0x0000000000000728       0x34 c:/st/stm32cubeide_1.6.1/stm32cubeide/plugins/com.st.stm32cube.ide.mcu.externaltools.gnu-tools-for-stm32.9-2020-q2-update.win32_2.0.0.202105311346/tools/bin/../lib/gcc/arm-none-eabi/9.3.1/../../../../arm-none-eabi/lib/thumb/v7e-m+fp/hard\libm.a(lib_a-s_scalbn.o)
 .ARM.attributes
                0x000000000000075c       0x1e c:/st/stm32cubeide_1.6.1/stm32cubeide/plugins/com.st.stm32cube.ide.mcu.externaltools.gnu-tools-for-stm32.9-2020-q2-update.win32_2.0.0.202105311346/tools/bin/../lib/gcc/arm-none-eabi/9.3.1/thumb/v7e-m+fp/hard\libgcc.a(_arm_addsubdf3.o)
 .ARM.attributes
                0x000000000000077a       0x1e c:/st/stm32cubeide_1.6.1/stm32cubeide/plugins/com.st.stm32cube.ide.mcu.externaltools.gnu-tools-for-stm32.9-2020-q2-update.win32_2.0.0.202105311346/tools/bin/../lib/gcc/arm-none-eabi/9.3.1/thumb/v7e-m+fp/hard\libgcc.a(_arm_muldivdf3.o)
 .ARM.attributes
                0x0000000000000798       0x1e c:/st/stm32cubeide_1.6.1/stm32cubeide/plugins/com.st.stm32cube.ide.mcu.externaltools.gnu-tools-for-stm32.9-2020-q2-update.win32_2.0.0.202105311346/tools/bin/../lib/gcc/arm-none-eabi/9.3.1/thumb/v7e-m+fp/hard\libgcc.a(_arm_cmpdf2.o)
 .ARM.attributes
                0x00000000000007b6       0x1e c:/st/stm32cubeide_1.6.1/stm32cubeide/plugins/com.st.stm32cube.ide.mcu.externaltools.gnu-tools-for-stm32.9-2020-q2-update.win32_2.0.0.202105311346/tools/bin/../lib/gcc/arm-none-eabi/9.3.1/thumb/v7e-m+fp/hard\libgcc.a(_arm_unorddf2.o)
 .ARM.attributes
                0x00000000000007d4       0x1e c:/st/stm32cubeide_1.6.1/stm32cubeide/plugins/com.st.stm32cube.ide.mcu.externaltools.gnu-tools-for-stm32.9-2020-q2-update.win32_2.0.0.202105311346/tools/bin/../lib/gcc/arm-none-eabi/9.3.1/thumb/v7e-m+fp/hard\libgcc.a(_arm_truncdfsf2.o)
 .ARM.attributes
                0x00000000000007f2       0x1e c:/st/stm32cubeide_1.6.1/stm32cubeide/plugins/com.st.stm32cube.ide.mcu.externaltools.gnu-tools-for-stm32.9-2020-q2-update.win32_2.0.0.202105311346/tools/bin/../lib/gcc/arm-none-eabi/9.3.1/thumb/v7e-m+fp/hard\libgcc.a(_aeabi_uldivmod.o)
 .ARM.attributes
                0x0000000000000810       0x34 c:/st/stm32cubeide_1.6.1/stm32cubeide/plugins/com.st.stm32cube.ide.mcu.externaltools.gnu-tools-for-stm32.9-2020-q2-update.win32_2.0.0.202105311346/tools/bin/../lib/gcc/arm-none-eabi/9.3.1/thumb/v7e-m+fp/hard\libgcc.a(_udivmoddi4.o)
 .ARM.attributes
                0x0000000000000844       0x1e c:/st/stm32cubeide_1.6.1/stm32cubeide/plugins/com.st.stm32cube.ide.mcu.externaltools.gnu-tools-for-stm32.9-2020-q2-update.win32_2.0.0.202105311346/tools/bin/../lib/gcc/arm-none-eabi/9.3.1/thumb/v7e-m+fp/hard\libgcc.a(_dvmd_tls.o)
 .ARM.attributes
                0x0000000000000862       0x1e c:/st/stm32cubeide_1.6.1/stm32cubeide/plugins/com.st.stm32cube.ide.mcu.externaltools.gnu-tools-for-stm32.9-2020-q2-update.win32_2.0.0.202105311346/tools/bin/../lib/gcc/arm-none-eabi/9.3.1/thumb/v7e-m+fp/hard/crtn.o
OUTPUT(oscillator.elf elf32-littlearm)
LOAD linker stubs
LOAD c:/st/stm32cubeide_1.6.1/stm32cubeide/plugins/com.st.stm32cube.ide.mcu.externaltools.gnu-tools-for-stm32.9-2020-q2-update.win32_2.0.0.202105311346/tools/bin/../lib/gcc/arm-none-eabi/9.3.1/../../../../arm-none-eabi/lib/thumb/v7e-m+fp/hard\libc.a
LOAD c:/st/stm32cubeide_1.6.1/stm32cubeide/plugins/com.st.stm32cube.ide.mcu.externaltools.gnu-tools-for-stm32.9-2020-q2-update.win32_2.0.0.202105311346/tools/bin/../lib/gcc/arm-none-eabi/9.3.1/../../../../arm-none-eabi/lib/thumb/v7e-m+fp/hard\libm.a
LOAD c:/st/stm32cubeide_1.6.1/stm32cubeide/plugins/com.st.stm32cube.ide.mcu.externaltools.gnu-tools-for-stm32.9-2020-q2-update.win32_2.0.0.202105311346/tools/bin/../lib/gcc/arm-none-eabi/9.3.1/thumb/v7e-m+fp/hard\libgcc.a

.debug_info     0x0000000000000000    0x19731
 .debug_info    0x0000000000000000     0x1653 ./Core/Src/adc.o
 .debug_info    0x0000000000001653      0xa4a ./Core/Src/dac.o
 .debug_info    0x000000000000209d     0x1cd4 ./Core/Src/main.o
 .debug_info    0x0000000000003d71      0x2d2 ./Core/Src/sine_lut.o
 .debug_info    0x0000000000004043     0x1b6b ./Core/Src/stm32g4xx_hal_msp.o
 .debug_info    0x0000000000005bae      0xf14 ./Core/Src/stm32g4xx_it.o
 .debug_info    0x0000000000006ac2      0x757 ./Core/Src/system_stm32g4xx.o
 .debug_info    0x0000000000007219      0xd79 ./Core/Src/tim.o
 .debug_info    0x0000000000007f92       0x22 ./Core/Startup/startup_stm32g431kbtx.o
 .debug_info    0x0000000000007fb4      0xc82 ./Drivers/STM32G4xx_HAL_Driver/Src/stm32g4xx_hal.o
 .debug_info    0x0000000000008c36     0x2252 ./Drivers/STM32G4xx_HAL_Driver/Src/stm32g4xx_hal_adc.o
 .debug_info    0x000000000000ae88     0x1f56 ./Drivers/STM32G4xx_HAL_Driver/Src/stm32g4xx_hal_adc_ex.o
 .debug_info    0x000000000000cdde      0xfb7 ./Drivers/STM32G4xx_HAL_Driver/Src/stm32g4xx_hal_cortex.o
 .debug_info    0x000000000000dd95      0xe5d ./Drivers/STM32G4xx_HAL_Driver/Src/stm32g4xx_hal_dac.o
 .debug_info    0x000000000000ebf2      0xa3a ./Drivers/STM32G4xx_HAL_Driver/Src/stm32g4xx_hal_gpio.o
 .debug_info    0x000000000000f62c      0xb79 ./Drivers/STM32G4xx_HAL_Driver/Src/stm32g4xx_hal_pwr_ex.o
 .debug_info    0x00000000000101a5      0xda0 ./Drivers/STM32G4xx_HAL_Driver/Src/stm32g4xx_hal_rcc.o
 .debug_info    0x0000000000010f45      0xe9f ./Drivers/STM32G4xx_HAL_Driver/Src/stm32g4xx_hal_rcc_ex.o
 .debug_info    0x0000000000011de4     0x2def ./Drivers/STM32G4xx_HAL_Driver/Src/stm32g4xx_hal_tim.o
 .debug_info    0x0000000000014bd3     0x1ec2 ./Drivers/STM32G4xx_HAL_Driver/Src/stm32g4xx_hal_tim_ex.o
 .debug_info    0x0000000000016a95     0x1dae ./Drivers/STM32G4xx_HAL_Driver/Src/stm32g4xx_hal_uart.o
 .debug_info    0x0000000000018843      0xeee ./Drivers/STM32G4xx_HAL_Driver/Src/stm32g4xx_hal_uart_ex.o

.debug_abbrev   0x0000000000000000     0x2d3e
 .debug_abbrev  0x0000000000000000      0x248 ./Core/Src/adc.o
 .debug_abbrev  0x0000000000000248      0x1af ./Core/Src/dac.o
 .debug_abbrev  0x00000000000003f7      0x28f ./Core/Src/main.o
 .debug_abbrev  0x0000000000000686       0xd6 ./Core/Src/sine_lut.o
 .debug_abbrev  0x000000000000075c      0x237 ./Core/Src/stm32g4xx_hal_msp.o
 .debug_abbrev  0x0000000000000993      0x1b8 ./Core/Src/stm32g4xx_it.o
 .debug_abbrev  0x0000000000000b4b      0x165 ./Core/Src/system_stm32g4xx.o
 .debug_abbrev  0x0000000000000cb0      0x1c8 ./Core/Src/tim.o
 .debug_abbrev  0x0000000000000e78       0x12 ./Core/Startup/startup_stm32g431kbtx.o
 .debug_abbrev  0x0000000000000e8a      0x227 ./Drivers/STM32G4xx_HAL_Driver/Src/stm32g4xx_hal.o
 .debug_abbrev  0x00000000000010b1      0x288 ./Drivers/STM32G4xx_HAL_Driver/Src/stm32g4xx_hal_adc.o
 .debug_abbrev  0x0000000000001339      0x2ac ./Drivers/STM32G4xx_HAL_Driver/Src/stm32g4xx_hal_adc_ex.o
 .debug_abbrev  0x00000000000015e5      0x333 ./Drivers/STM32G4xx_HAL_Driver/Src/stm32g4xx_hal_cortex.o
 .debug_abbrev  0x0000000000001918      0x1f2 ./Drivers/STM32G4xx_HAL_Driver/Src/stm32g4xx_hal_dac.o
 .debug_abbrev  0x0000000000001b0a      0x1e8 ./Drivers/STM32G4xx_HAL_Driver/Src/stm32g4xx_hal_gpio.o
 .debug_abbrev  0x0000000000001cf2      0x229 ./Drivers/STM32G4xx_HAL_Driver/Src/stm32g4xx_hal_pwr_ex.o
 .debug_abbrev  0x0000000000001f1b      0x275 ./Drivers/STM32G4xx_HAL_Driver/Src/stm32g4xx_hal_rcc.o
 .debug_abbrev  0x0000000000002190      0x230 ./Drivers/STM32G4xx_HAL_Driver/Src/stm32g4xx_hal_rcc_ex.o
 .debug_abbrev  0x00000000000023c0      0x28f ./Drivers/STM32G4xx_HAL_Driver/Src/stm32g4xx_hal_tim.o
 .debug_abbrev  0x000000000000264f      0x297 ./Drivers/STM32G4xx_HAL_Driver/Src/stm32g4xx_hal_tim_ex.o
 .debug_abbrev  0x00000000000028e6      0x24e ./Drivers/STM32G4xx_HAL_Driver/Src/stm32g4xx_hal_uart.o
 .debug_abbrev  0x0000000000002b34      0x20a ./Drivers/STM32G4xx_HAL_Driver/Src/stm32g4xx_hal_uart_ex.o

.debug_aranges  0x0000000000000000     0x14f0
 .debug_aranges
                0x0000000000000000       0x20 ./Core/Src/adc.o
 .debug_aranges
                0x0000000000000020       0x28 ./Core/Src/dac.o
 .debug_aranges
                0x0000000000000048       0x58 ./Core/Src/main.o
 .debug_aranges
                0x00000000000000a0       0x18 ./Core/Src/sine_lut.o
 .debug_aranges
                0x00000000000000b8       0x60 ./Core/Src/stm32g4xx_hal_msp.o
 .debug_aranges
                0x0000000000000118       0x70 ./Core/Src/stm32g4xx_it.o
 .debug_aranges
                0x0000000000000188       0x28 ./Core/Src/system_stm32g4xx.o
 .debug_aranges
                0x00000000000001b0       0x20 ./Core/Src/tim.o
 .debug_aranges
                0x00000000000001d0       0x28 ./Core/Startup/startup_stm32g431kbtx.o
 .debug_aranges
                0x00000000000001f8      0x130 ./Drivers/STM32G4xx_HAL_Driver/Src/stm32g4xx_hal.o
 .debug_aranges
                0x0000000000000328      0x248 ./Drivers/STM32G4xx_HAL_Driver/Src/stm32g4xx_hal_adc.o
 .debug_aranges
                0x0000000000000570      0x1c0 ./Drivers/STM32G4xx_HAL_Driver/Src/stm32g4xx_hal_adc_ex.o
 .debug_aranges
                0x0000000000000730      0x118 ./Drivers/STM32G4xx_HAL_Driver/Src/stm32g4xx_hal_cortex.o
 .debug_aranges
                0x0000000000000848       0xc0 ./Drivers/STM32G4xx_HAL_Driver/Src/stm32g4xx_hal_dac.o
 .debug_aranges
                0x0000000000000908       0x58 ./Drivers/STM32G4xx_HAL_Driver/Src/stm32g4xx_hal_gpio.o
 .debug_aranges
                0x0000000000000960      0x140 ./Drivers/STM32G4xx_HAL_Driver/Src/stm32g4xx_hal_pwr_ex.o
 .debug_aranges
                0x0000000000000aa0       0x98 ./Drivers/STM32G4xx_HAL_Driver/Src/stm32g4xx_hal_rcc.o
 .debug_aranges
                0x0000000000000b38       0xb0 ./Drivers/STM32G4xx_HAL_Driver/Src/stm32g4xx_hal_rcc_ex.o
 .debug_aranges
                0x0000000000000be8      0x3e0 ./Drivers/STM32G4xx_HAL_Driver/Src/stm32g4xx_hal_tim.o
 .debug_aranges
                0x0000000000000fc8      0x240 ./Drivers/STM32G4xx_HAL_Driver/Src/stm32g4xx_hal_tim_ex.o
 .debug_aranges
                0x0000000000001208      0x248 ./Drivers/STM32G4xx_HAL_Driver/Src/stm32g4xx_hal_uart.o
 .debug_aranges
                0x0000000000001450       0xa0 ./Drivers/STM32G4xx_HAL_Driver/Src/stm32g4xx_hal_uart_ex.o

.debug_ranges   0x0000000000000000     0x13c0
 .debug_ranges  0x0000000000000000       0x10 ./Core/Src/adc.o
 .debug_ranges  0x0000000000000010       0x18 ./Core/Src/dac.o
 .debug_ranges  0x0000000000000028       0x48 ./Core/Src/main.o
 .debug_ranges  0x0000000000000070       0x50 ./Core/Src/stm32g4xx_hal_msp.o
 .debug_ranges  0x00000000000000c0       0x60 ./Core/Src/stm32g4xx_it.o
 .debug_ranges  0x0000000000000120       0x18 ./Core/Src/system_stm32g4xx.o
 .debug_ranges  0x0000000000000138       0x10 ./Core/Src/tim.o
 .debug_ranges  0x0000000000000148       0x20 ./Core/Startup/startup_stm32g431kbtx.o
 .debug_ranges  0x0000000000000168      0x120 ./Drivers/STM32G4xx_HAL_Driver/Src/stm32g4xx_hal.o
 .debug_ranges  0x0000000000000288      0x238 ./Drivers/STM32G4xx_HAL_Driver/Src/stm32g4xx_hal_adc.o
 .debug_ranges  0x00000000000004c0      0x1b0 ./Drivers/STM32G4xx_HAL_Driver/Src/stm32g4xx_hal_adc_ex.o
 .debug_ranges  0x0000000000000670      0x108 ./Drivers/STM32G4xx_HAL_Driver/Src/stm32g4xx_hal_cortex.o
 .debug_ranges  0x0000000000000778       0xb0 ./Drivers/STM32G4xx_HAL_Driver/Src/stm32g4xx_hal_dac.o
 .debug_ranges  0x0000000000000828       0x48 ./Drivers/STM32G4xx_HAL_Driver/Src/stm32g4xx_hal_gpio.o
 .debug_ranges  0x0000000000000870      0x130 ./Drivers/STM32G4xx_HAL_Driver/Src/stm32g4xx_hal_pwr_ex.o
 .debug_ranges  0x00000000000009a0       0x88 ./Drivers/STM32G4xx_HAL_Driver/Src/stm32g4xx_hal_rcc.o
 .debug_ranges  0x0000000000000a28       0xa0 ./Drivers/STM32G4xx_HAL_Driver/Src/stm32g4xx_hal_rcc_ex.o
 .debug_ranges  0x0000000000000ac8      0x3d0 ./Drivers/STM32G4xx_HAL_Driver/Src/stm32g4xx_hal_tim.o
 .debug_ranges  0x0000000000000e98      0x230 ./Drivers/STM32G4xx_HAL_Driver/Src/stm32g4xx_hal_tim_ex.o
 .debug_ranges  0x00000000000010c8      0x268 ./Drivers/STM32G4xx_HAL_Driver/Src/stm32g4xx_hal_uart.o
 .debug_ranges  0x0000000000001330       0x90 ./Drivers/STM32G4xx_HAL_Driver/Src/stm32g4xx_hal_uart_ex.o

.debug_macro    0x0000000000000000    0x21056
 .debug_macro   0x0000000000000000      0x2cc ./Core/Src/adc.o
 .debug_macro   0x00000000000002cc      0xaa8 ./Core/Src/adc.o
 .debug_macro   0x0000000000000d74       0x22 ./Core/Src/adc.o
 .debug_macro   0x0000000000000d96       0x4c ./Core/Src/adc.o
 .debug_macro   0x0000000000000de2       0x18 ./Core/Src/adc.o
 .debug_macro   0x0000000000000dfa       0x94 ./Core/Src/adc.o
 .debug_macro   0x0000000000000e8e       0x3c ./Core/Src/adc.o
 .debug_macro   0x0000000000000eca       0x34 ./Core/Src/adc.o
 .debug_macro   0x0000000000000efe      0x174 ./Core/Src/adc.o
 .debug_macro   0x0000000000001072       0x16 ./Core/Src/adc.o
 .debug_macro   0x0000000000001088       0x43 ./Core/Src/adc.o
 .debug_macro   0x00000000000010cb       0x57 ./Core/Src/adc.o
 .debug_macro   0x0000000000001122       0x34 ./Core/Src/adc.o
 .debug_macro   0x0000000000001156       0x10 ./Core/Src/adc.o
 .debug_macro   0x0000000000001166       0x58 ./Core/Src/adc.o
 .debug_macro   0x00000000000011be       0x71 ./Core/Src/adc.o
 .debug_macro   0x000000000000122f       0x1c ./Core/Src/adc.o
 .debug_macro   0x000000000000124b      0x12a ./Core/Src/adc.o
 .debug_macro   0x0000000000001375      0x339 ./Core/Src/adc.o
 .debug_macro   0x00000000000016ae      0x1a9 ./Core/Src/adc.o
 .debug_macro   0x0000000000001857      0x167 ./Core/Src/adc.o
 .debug_macro   0x00000000000019be       0x2e ./Core/Src/adc.o
 .debug_macro   0x00000000000019ec       0x28 ./Core/Src/adc.o
 .debug_macro   0x0000000000001a14      0x103 ./Core/Src/adc.o
 .debug_macro   0x0000000000001b17       0x6a ./Core/Src/adc.o
 .debug_macro   0x0000000000001b81      0x1df ./Core/Src/adc.o
 .debug_macro   0x0000000000001d60       0x1c ./Core/Src/adc.o
 .debug_macro   0x0000000000001d7c       0x22 ./Core/Src/adc.o
 .debug_macro   0x0000000000001d9e       0xfb ./Core/Src/adc.o
 .debug_macro   0x0000000000001e99     0x1011 ./Core/Src/adc.o
 .debug_macro   0x0000000000002eaa      0x11f ./Core/Src/adc.o
 .debug_macro   0x0000000000002fc9    0x1138f ./Core/Src/adc.o
 .debug_macro   0x0000000000014358       0x43 ./Core/Src/adc.o
 .debug_macro   0x000000000001439b     0x34f4 ./Core/Src/adc.o
 .debug_macro   0x000000000001788f       0x56 ./Core/Src/adc.o
 .debug_macro   0x00000000000178e5     0x13de ./Core/Src/adc.o
 .debug_macro   0x0000000000018cc3      0x535 ./Core/Src/adc.o
 .debug_macro   0x00000000000191f8      0x137 ./Core/Src/adc.o
 .debug_macro   0x000000000001932f      0x289 ./Core/Src/adc.o
 .debug_macro   0x00000000000195b8      0x41d ./Core/Src/adc.o
 .debug_macro   0x00000000000199d5      0x18b ./Core/Src/adc.o
 .debug_macro   0x0000000000019b60       0x43 ./Core/Src/adc.o
 .debug_macro   0x0000000000019ba3      0x23d ./Core/Src/adc.o
 .debug_macro   0x0000000000019de0     0x10fd ./Core/Src/adc.o
 .debug_macro   0x000000000001aedd      0x72e ./Core/Src/adc.o
 .debug_macro   0x000000000001b60b      0x391 ./Core/Src/adc.o
 .debug_macro   0x000000000001b99c      0x202 ./Core/Src/adc.o
 .debug_macro   0x000000000001bb9e      0x108 ./Core/Src/adc.o
 .debug_macro   0x000000000001bca6      0x212 ./Core/Src/adc.o
 .debug_macro   0x000000000001beb8      0x401 ./Core/Src/adc.o
 .debug_macro   0x000000000001c2b9      0x107 ./Core/Src/adc.o
 .debug_macro   0x000000000001c3c0      0x122 ./Core/Src/adc.o
 .debug_macro   0x000000000001c4e2      0x3d1 ./Core/Src/adc.o
 .debug_macro   0x000000000001c8b3      0xbbe ./Core/Src/adc.o
 .debug_macro   0x000000000001d471      0x47e ./Core/Src/adc.o
 .debug_macro   0x000000000001d8ef      0x67e ./Core/Src/adc.o
 .debug_macro   0x000000000001df6d       0xa6 ./Core/Src/adc.o
 .debug_macro   0x000000000001e013      0x307 ./Core/Src/adc.o
 .debug_macro   0x000000000001e31a       0x4c ./Core/Src/adc.o
 .debug_macro   0x000000000001e366       0x16 ./Core/Src/adc.o
 .debug_macro   0x000000000001e37c      0x22d ./Core/Src/dac.o
 .debug_macro   0x000000000001e5a9       0x8e ./Core/Src/dac.o
 .debug_macro   0x000000000001e637       0x51 ./Core/Src/dac.o
 .debug_macro   0x000000000001e688      0x101 ./Core/Src/dac.o
 .debug_macro   0x000000000001e789       0x5c ./Core/Src/dac.o
 .debug_macro   0x000000000001e7e5       0x10 ./Core/Src/dac.o
 .debug_macro   0x000000000001e7f5      0x214 ./Core/Src/main.o
 .debug_macro   0x000000000001ea09      0x214 ./Core/Src/sine_lut.o
 .debug_macro   0x000000000001ec1d      0x214 ./Core/Src/stm32g4xx_hal_msp.o
 .debug_macro   0x000000000001ee31      0x21e ./Core/Src/stm32g4xx_it.o
 .debug_macro   0x000000000001f04f      0x205 ./Core/Src/system_stm32g4xx.o
 .debug_macro   0x000000000001f254      0x227 ./Core/Src/tim.o
 .debug_macro   0x000000000001f47b      0x253 ./Drivers/STM32G4xx_HAL_Driver/Src/stm32g4xx_hal.o
 .debug_macro   0x000000000001f6ce      0x222 ./Drivers/STM32G4xx_HAL_Driver/Src/stm32g4xx_hal_adc.o
 .debug_macro   0x000000000001f8f0      0x211 ./Drivers/STM32G4xx_HAL_Driver/Src/stm32g4xx_hal_adc_ex.o
 .debug_macro   0x000000000001fb01      0x205 ./Drivers/STM32G4xx_HAL_Driver/Src/stm32g4xx_hal_cortex.o
 .debug_macro   0x000000000001fd06      0x21b ./Drivers/STM32G4xx_HAL_Driver/Src/stm32g4xx_hal_dac.o
 .debug_macro   0x000000000001ff21      0x23d ./Drivers/STM32G4xx_HAL_Driver/Src/stm32g4xx_hal_gpio.o
 .debug_macro   0x000000000002015e      0x22f ./Drivers/STM32G4xx_HAL_Driver/Src/stm32g4xx_hal_pwr_ex.o
 .debug_macro   0x000000000002038d      0x241 ./Drivers/STM32G4xx_HAL_Driver/Src/stm32g4xx_hal_rcc.o
 .debug_macro   0x00000000000205ce      0x22f ./Drivers/STM32G4xx_HAL_Driver/Src/stm32g4xx_hal_rcc_ex.o
 .debug_macro   0x00000000000207fd      0x20d ./Drivers/STM32G4xx_HAL_Driver/Src/stm32g4xx_hal_tim.o
 .debug_macro   0x0000000000020a0a      0x20b ./Drivers/STM32G4xx_HAL_Driver/Src/stm32g4xx_hal_tim_ex.o
 .debug_macro   0x0000000000020c15      0x230 ./Drivers/STM32G4xx_HAL_Driver/Src/stm32g4xx_hal_uart.o
 .debug_macro   0x0000000000020e45      0x211 ./Drivers/STM32G4xx_HAL_Driver/Src/stm32g4xx_hal_uart_ex.o

.debug_line     0x0000000000000000    0x1639b
 .debug_line    0x0000000000000000      0x8bb ./Core/Src/adc.o
 .debug_line    0x00000000000008bb      0x7d3 ./Core/Src/dac.o
 .debug_line    0x000000000000108e      0x97a ./Core/Src/main.o
 .debug_line    0x0000000000001a08      0x738 ./Core/Src/sine_lut.o
 .debug_line    0x0000000000002140      0x874 ./Core/Src/stm32g4xx_hal_msp.o
 .debug_line    0x00000000000029b4      0x84c ./Core/Src/stm32g4xx_it.o
 .debug_line    0x0000000000003200      0x7c3 ./Core/Src/system_stm32g4xx.o
 .debug_line    0x00000000000039c3      0x764 ./Core/Src/tim.o
 .debug_line    0x0000000000004127       0x89 ./Core/Startup/startup_stm32g431kbtx.o
 .debug_line    0x00000000000041b0      0xb3a ./Drivers/STM32G4xx_HAL_Driver/Src/stm32g4xx_hal.o
 .debug_line    0x0000000000004cea     0x1ecd ./Drivers/STM32G4xx_HAL_Driver/Src/stm32g4xx_hal_adc.o
 .debug_line    0x0000000000006bb7     0x1930 ./Drivers/STM32G4xx_HAL_Driver/Src/stm32g4xx_hal_adc_ex.o
 .debug_line    0x00000000000084e7      0xced ./Drivers/STM32G4xx_HAL_Driver/Src/stm32g4xx_hal_cortex.o
 .debug_line    0x00000000000091d4      0xce1 ./Drivers/STM32G4xx_HAL_Driver/Src/stm32g4xx_hal_dac.o
 .debug_line    0x0000000000009eb5      0xb87 ./Drivers/STM32G4xx_HAL_Driver/Src/stm32g4xx_hal_gpio.o
 .debug_line    0x000000000000aa3c      0xce5 ./Drivers/STM32G4xx_HAL_Driver/Src/stm32g4xx_hal_pwr_ex.o
 .debug_line    0x000000000000b721      0xf3a ./Drivers/STM32G4xx_HAL_Driver/Src/stm32g4xx_hal_rcc.o
 .debug_line    0x000000000000c65b     0x1113 ./Drivers/STM32G4xx_HAL_Driver/Src/stm32g4xx_hal_rcc_ex.o
 .debug_line    0x000000000000d76e     0x3d8b ./Drivers/STM32G4xx_HAL_Driver/Src/stm32g4xx_hal_tim.o
 .debug_line    0x00000000000114f9     0x2038 ./Drivers/STM32G4xx_HAL_Driver/Src/stm32g4xx_hal_tim_ex.o
 .debug_line    0x0000000000013531     0x2175 ./Drivers/STM32G4xx_HAL_Driver/Src/stm32g4xx_hal_uart.o
 .debug_line    0x00000000000156a6      0xcf5 ./Drivers/STM32G4xx_HAL_Driver/Src/stm32g4xx_hal_uart_ex.o

.debug_str      0x0000000000000000    0xdcaf3
 .debug_str     0x0000000000000000    0xd67b1 ./Core/Src/adc.o
                                      0xd6e95 (size before relaxing)
 .debug_str     0x00000000000d67b1       0x9b ./Core/Src/dac.o
                                      0xd3227 (size before relaxing)
 .debug_str     0x00000000000d684c      0xacf ./Core/Src/main.o
                                      0xd3fbb (size before relaxing)
 .debug_str     0x00000000000d731b       0x17 ./Core/Src/sine_lut.o
                                      0xd2d02 (size before relaxing)
 .debug_str     0x00000000000d7332      0x515 ./Core/Src/stm32g4xx_hal_msp.o
                                      0xd3f94 (size before relaxing)
 .debug_str     0x00000000000d7847       0xe8 ./Core/Src/stm32g4xx_it.o
                                      0xd3697 (size before relaxing)
 .debug_str     0x00000000000d792f       0xaf ./Core/Src/system_stm32g4xx.o
                                      0xd2dc1 (size before relaxing)
 .debug_str     0x00000000000d79de       0x41 ./Core/Src/tim.o
                                      0xd352a (size before relaxing)
 .debug_str     0x00000000000d7a1f       0x73 ./Core/Startup/startup_stm32g431kbtx.o
 .debug_str     0x00000000000d7a92      0x587 ./Drivers/STM32G4xx_HAL_Driver/Src/stm32g4xx_hal.o
                                      0xd3895 (size before relaxing)
 .debug_str     0x00000000000d8019      0xa53 ./Drivers/STM32G4xx_HAL_Driver/Src/stm32g4xx_hal_adc.o
                                      0xd3d12 (size before relaxing)
 .debug_str     0x00000000000d8a6c      0x731 ./Drivers/STM32G4xx_HAL_Driver/Src/stm32g4xx_hal_adc_ex.o
                                      0xd3ce6 (size before relaxing)
 .debug_str     0x00000000000d919d      0x389 ./Drivers/STM32G4xx_HAL_Driver/Src/stm32g4xx_hal_cortex.o
                                      0xd359d (size before relaxing)
 .debug_str     0x00000000000d9526      0x23f ./Drivers/STM32G4xx_HAL_Driver/Src/stm32g4xx_hal_dac.o
                                      0xd33cb (size before relaxing)
 .debug_str     0x00000000000d9765      0x20d ./Drivers/STM32G4xx_HAL_Driver/Src/stm32g4xx_hal_gpio.o
                                      0xd3030 (size before relaxing)
 .debug_str     0x00000000000d9972      0x4c2 ./Drivers/STM32G4xx_HAL_Driver/Src/stm32g4xx_hal_pwr_ex.o
                                      0xd32b6 (size before relaxing)
 .debug_str     0x00000000000d9e34      0x3ab ./Drivers/STM32G4xx_HAL_Driver/Src/stm32g4xx_hal_rcc.o
                                      0xd333c (size before relaxing)
 .debug_str     0x00000000000da1df      0x3e8 ./Drivers/STM32G4xx_HAL_Driver/Src/stm32g4xx_hal_rcc_ex.o
                                      0xd3455 (size before relaxing)
 .debug_str     0x00000000000da5c7      0xe81 ./Drivers/STM32G4xx_HAL_Driver/Src/stm32g4xx_hal_tim.o
                                      0xd4178 (size before relaxing)
 .debug_str     0x00000000000db448      0xa63 ./Drivers/STM32G4xx_HAL_Driver/Src/stm32g4xx_hal_tim_ex.o
                                      0xd3e13 (size before relaxing)
 .debug_str     0x00000000000dbeab      0x96a ./Drivers/STM32G4xx_HAL_Driver/Src/stm32g4xx_hal_uart.o
                                      0xd3c13 (size before relaxing)
 .debug_str     0x00000000000dc815      0x2de ./Drivers/STM32G4xx_HAL_Driver/Src/stm32g4xx_hal_uart_ex.o
                                      0xd3442 (size before relaxing)

.comment        0x0000000000000000       0x53
 .comment       0x0000000000000000       0x53 ./Core/Src/adc.o
                                         0x54 (size before relaxing)
 .comment       0x0000000000000053       0x54 ./Core/Src/dac.o
 .comment       0x0000000000000053       0x54 ./Core/Src/main.o
 .comment       0x0000000000000053       0x54 ./Core/Src/sine_lut.o
 .comment       0x0000000000000053       0x54 ./Core/Src/stm32g4xx_hal_msp.o
 .comment       0x0000000000000053       0x54 ./Core/Src/stm32g4xx_it.o
 .comment       0x0000000000000053       0x54 ./Core/Src/system_stm32g4xx.o
 .comment       0x0000000000000053       0x54 ./Core/Src/tim.o
 .comment       0x0000000000000053       0x54 ./Drivers/STM32G4xx_HAL_Driver/Src/stm32g4xx_hal.o
 .comment       0x0000000000000053       0x54 ./Drivers/STM32G4xx_HAL_Driver/Src/stm32g4xx_hal_adc.o
 .comment       0x0000000000000053       0x54 ./Drivers/STM32G4xx_HAL_Driver/Src/stm32g4xx_hal_adc_ex.o
 .comment       0x0000000000000053       0x54 ./Drivers/STM32G4xx_HAL_Driver/Src/stm32g4xx_hal_cortex.o
 .comment       0x0000000000000053       0x54 ./Drivers/STM32G4xx_HAL_Driver/Src/stm32g4xx_hal_dac.o
 .comment       0x0000000000000053       0x54 ./Drivers/STM32G4xx_HAL_Driver/Src/stm32g4xx_hal_gpio.o
 .comment       0x0000000000000053       0x54 ./Drivers/STM32G4xx_HAL_Driver/Src/stm32g4xx_hal_pwr_ex.o
 .comment       0x0000000000000053       0x54 ./Drivers/STM32G4xx_HAL_Driver/Src/stm32g4xx_hal_rcc.o
 .comment       0x0000000000000053       0x54 ./Drivers/STM32G4xx_HAL_Driver/Src/stm32g4xx_hal_rcc_ex.o
 .comment       0x0000000000000053       0x54 ./Drivers/STM32G4xx_HAL_Driver/Src/stm32g4xx_hal_tim.o
 .comment       0x0000000000000053       0x54 ./Drivers/STM32G4xx_HAL_Driver/Src/stm32g4xx_hal_tim_ex.o
 .comment       0x0000000000000053       0x54 ./Drivers/STM32G4xx_HAL_Driver/Src/stm32g4xx_hal_uart.o
 .comment       0x0000000000000053       0x54 ./Drivers/STM32G4xx_HAL_Driver/Src/stm32g4xx_hal_uart_ex.o

.debug_frame    0x0000000000000000     0x5d78
 .debug_frame   0x0000000000000000       0x34 ./Core/Src/adc.o
 .debug_frame   0x0000000000000034       0x58 ./Core/Src/dac.o
 .debug_frame   0x000000000000008c      0x110 ./Core/Src/main.o
 .debug_frame   0x000000000000019c      0x154 ./Core/Src/stm32g4xx_hal_msp.o
 .debug_frame   0x00000000000002f0      0x13c ./Core/Src/stm32g4xx_it.o
 .debug_frame   0x000000000000042c       0x58 ./Core/Src/system_stm32g4xx.o
 .debug_frame   0x0000000000000484       0x34 ./Core/Src/tim.o
 .debug_frame   0x00000000000004b8      0x4a0 ./Drivers/STM32G4xx_HAL_Driver/Src/stm32g4xx_hal.o
 .debug_frame   0x0000000000000958      0xacc ./Drivers/STM32G4xx_HAL_Driver/Src/stm32g4xx_hal_adc.o
 .debug_frame   0x0000000000001424      0x81c ./Drivers/STM32G4xx_HAL_Driver/Src/stm32g4xx_hal_adc_ex.o
 .debug_frame   0x0000000000001c40      0x498 ./Drivers/STM32G4xx_HAL_Driver/Src/stm32g4xx_hal_cortex.o
 .debug_frame   0x00000000000020d8      0x330 ./Drivers/STM32G4xx_HAL_Driver/Src/stm32g4xx_hal_dac.o
 .debug_frame   0x0000000000002408      0x14c ./Drivers/STM32G4xx_HAL_Driver/Src/stm32g4xx_hal_gpio.o
 .debug_frame   0x0000000000002554      0x4fc ./Drivers/STM32G4xx_HAL_Driver/Src/stm32g4xx_hal_pwr_ex.o
 .debug_frame   0x0000000000002a50      0x23c ./Drivers/STM32G4xx_HAL_Driver/Src/stm32g4xx_hal_rcc.o
 .debug_frame   0x0000000000002c8c      0x2ac ./Drivers/STM32G4xx_HAL_Driver/Src/stm32g4xx_hal_rcc_ex.o
 .debug_frame   0x0000000000002f38     0x121c ./Drivers/STM32G4xx_HAL_Driver/Src/stm32g4xx_hal_tim.o
 .debug_frame   0x0000000000004154      0xa68 ./Drivers/STM32G4xx_HAL_Driver/Src/stm32g4xx_hal_tim_ex.o
 .debug_frame   0x0000000000004bbc      0xa7c ./Drivers/STM32G4xx_HAL_Driver/Src/stm32g4xx_hal_uart.o
 .debug_frame   0x0000000000005638      0x29c ./Drivers/STM32G4xx_HAL_Driver/Src/stm32g4xx_hal_uart_ex.o
 .debug_frame   0x00000000000058d4       0x20 c:/st/stm32cubeide_1.6.1/stm32cubeide/plugins/com.st.stm32cube.ide.mcu.externaltools.gnu-tools-for-stm32.9-2020-q2-update.win32_2.0.0.202105311346/tools/bin/../lib/gcc/arm-none-eabi/9.3.1/../../../../arm-none-eabi/lib/thumb/v7e-m+fp/hard\libc_nano.a(lib_a-errno.o)
 .debug_frame   0x00000000000058f4       0x2c c:/st/stm32cubeide_1.6.1/stm32cubeide/plugins/com.st.stm32cube.ide.mcu.externaltools.gnu-tools-for-stm32.9-2020-q2-update.win32_2.0.0.202105311346/tools/bin/../lib/gcc/arm-none-eabi/9.3.1/../../../../arm-none-eabi/lib/thumb/v7e-m+fp/hard\libc_nano.a(lib_a-init.o)
 .debug_frame   0x0000000000005920       0x20 c:/st/stm32cubeide_1.6.1/stm32cubeide/plugins/com.st.stm32cube.ide.mcu.externaltools.gnu-tools-for-stm32.9-2020-q2-update.win32_2.0.0.202105311346/tools/bin/../lib/gcc/arm-none-eabi/9.3.1/../../../../arm-none-eabi/lib/thumb/v7e-m+fp/hard\libc_nano.a(lib_a-memset.o)
 .debug_frame   0x0000000000005940       0x34 c:/st/stm32cubeide_1.6.1/stm32cubeide/plugins/com.st.stm32cube.ide.mcu.externaltools.gnu-tools-for-stm32.9-2020-q2-update.win32_2.0.0.202105311346/tools/bin/../lib/gcc/arm-none-eabi/9.3.1/../../../../arm-none-eabi/lib/thumb/v7e-m+fp/hard\libm.a(lib_a-w_pow.o)
 .debug_frame   0x0000000000005974       0xa8 c:/st/stm32cubeide_1.6.1/stm32cubeide/plugins/com.st.stm32cube.ide.mcu.externaltools.gnu-tools-for-stm32.9-2020-q2-update.win32_2.0.0.202105311346/tools/bin/../lib/gcc/arm-none-eabi/9.3.1/../../../../arm-none-eabi/lib/thumb/v7e-m+fp/hard\libm.a(lib_a-e_pow.o)
 .debug_frame   0x0000000000005a1c       0x30 c:/st/stm32cubeide_1.6.1/stm32cubeide/plugins/com.st.stm32cube.ide.mcu.externaltools.gnu-tools-for-stm32.9-2020-q2-update.win32_2.0.0.202105311346/tools/bin/../lib/gcc/arm-none-eabi/9.3.1/../../../../arm-none-eabi/lib/thumb/v7e-m+fp/hard\libm.a(lib_a-e_sqrt.o)
 .debug_frame   0x0000000000005a4c       0x20 c:/st/stm32cubeide_1.6.1/stm32cubeide/plugins/com.st.stm32cube.ide.mcu.externaltools.gnu-tools-for-stm32.9-2020-q2-update.win32_2.0.0.202105311346/tools/bin/../lib/gcc/arm-none-eabi/9.3.1/../../../../arm-none-eabi/lib/thumb/v7e-m+fp/hard\libm.a(lib_a-s_fabs.o)
 .debug_frame   0x0000000000005a6c       0x28 c:/st/stm32cubeide_1.6.1/stm32cubeide/plugins/com.st.stm32cube.ide.mcu.externaltools.gnu-tools-for-stm32.9-2020-q2-update.win32_2.0.0.202105311346/tools/bin/../lib/gcc/arm-none-eabi/9.3.1/../../../../arm-none-eabi/lib/thumb/v7e-m+fp/hard\libm.a(lib_a-s_finite.o)
 .debug_frame   0x0000000000005a94       0x20 c:/st/stm32cubeide_1.6.1/stm32cubeide/plugins/com.st.stm32cube.ide.mcu.externaltools.gnu-tools-for-stm32.9-2020-q2-update.win32_2.0.0.202105311346/tools/bin/../lib/gcc/arm-none-eabi/9.3.1/../../../../arm-none-eabi/lib/thumb/v7e-m+fp/hard\libm.a(lib_a-s_nan.o)
 .debug_frame   0x0000000000005ab4       0x34 c:/st/stm32cubeide_1.6.1/stm32cubeide/plugins/com.st.stm32cube.ide.mcu.externaltools.gnu-tools-for-stm32.9-2020-q2-update.win32_2.0.0.202105311346/tools/bin/../lib/gcc/arm-none-eabi/9.3.1/../../../../arm-none-eabi/lib/thumb/v7e-m+fp/hard\libm.a(lib_a-s_rint.o)
 .debug_frame   0x0000000000005ae8       0x2c c:/st/stm32cubeide_1.6.1/stm32cubeide/plugins/com.st.stm32cube.ide.mcu.externaltools.gnu-tools-for-stm32.9-2020-q2-update.win32_2.0.0.202105311346/tools/bin/../lib/gcc/arm-none-eabi/9.3.1/../../../../arm-none-eabi/lib/thumb/v7e-m+fp/hard\libm.a(lib_a-s_scalbn.o)
 .debug_frame   0x0000000000005b14       0xac c:/st/stm32cubeide_1.6.1/stm32cubeide/plugins/com.st.stm32cube.ide.mcu.externaltools.gnu-tools-for-stm32.9-2020-q2-update.win32_2.0.0.202105311346/tools/bin/../lib/gcc/arm-none-eabi/9.3.1/thumb/v7e-m+fp/hard\libgcc.a(_arm_addsubdf3.o)
 .debug_frame   0x0000000000005bc0       0x50 c:/st/stm32cubeide_1.6.1/stm32cubeide/plugins/com.st.stm32cube.ide.mcu.externaltools.gnu-tools-for-stm32.9-2020-q2-update.win32_2.0.0.202105311346/tools/bin/../lib/gcc/arm-none-eabi/9.3.1/thumb/v7e-m+fp/hard\libgcc.a(_arm_muldivdf3.o)
 .debug_frame   0x0000000000005c10       0xc4 c:/st/stm32cubeide_1.6.1/stm32cubeide/plugins/com.st.stm32cube.ide.mcu.externaltools.gnu-tools-for-stm32.9-2020-q2-update.win32_2.0.0.202105311346/tools/bin/../lib/gcc/arm-none-eabi/9.3.1/thumb/v7e-m+fp/hard\libgcc.a(_arm_cmpdf2.o)
 .debug_frame   0x0000000000005cd4       0x20 c:/st/stm32cubeide_1.6.1/stm32cubeide/plugins/com.st.stm32cube.ide.mcu.externaltools.gnu-tools-for-stm32.9-2020-q2-update.win32_2.0.0.202105311346/tools/bin/../lib/gcc/arm-none-eabi/9.3.1/thumb/v7e-m+fp/hard\libgcc.a(_arm_unorddf2.o)
 .debug_frame   0x0000000000005cf4       0x24 c:/st/stm32cubeide_1.6.1/stm32cubeide/plugins/com.st.stm32cube.ide.mcu.externaltools.gnu-tools-for-stm32.9-2020-q2-update.win32_2.0.0.202105311346/tools/bin/../lib/gcc/arm-none-eabi/9.3.1/thumb/v7e-m+fp/hard\libgcc.a(_arm_truncdfsf2.o)